E/fastiva (  773): access failed: ENOENT (No such file or directory)
E/fastiva (  773): dddd_break thread: 1 at : 54 sleep:0
E/fastiva (  773): dddd: 11-2 Llibcore/io/ErrnoException;
E/fastiva (  773): stat failed: ENOENT (No such file or directory)
E/fastiva (  773): dddd_break thread: 1 at : 54 sleep:0
D/fastiva (  495): +++ late optimize on Lcom/android/location/fused/FusedLocationProvider$2; (pv=0)
E/fastiva (  819): dddd_break thread: 1 at : 54 sleep:0
D/fastiva (  495): +++ late optimize on Lcom/android/location/fused/FusionEngine; (pv=0)
D/fastiva (  495): +++ late optimize on Lcom/android/location/fused/FusedLocationProvider$1; (pv=0)
I/NFCJNI  (  782): NFC Service: loading nxp JNI
D/BluetoothAdapter(  674): 1164163936: getState() :  mService = null. Returning STATE_OFF
E/fastiva (  819): dddd: 1-47 Llibcore/io/ErrnoException;
E/fastiva (  819): access failed: ENOENT (No such file or directory)
E/fastiva (  819): dddd_break thread: 1 at : 54 sleep:0
D/BluetoothManagerService(  495): Message: 20
D/BluetoothManagerService(  495): Added callback: android.bluetooth.IBluetoothManagerCallback$Stub$Proxy@45878bb0:true
E/fastiva (  773): dddd: 1-48 Llibcore/io/ErrnoException;
E/fastiva (  495): dddd: 1-206 Llibcore/io/ErrnoException;
E/fastiva (  495): access failed: ENOENT (No such file or directory)
E/fastiva (  495): dddd_break thread: 1 at : 54 sleep:0
W/Settings(  782): Setting device_provisioned has moved from android.provider.Settings.Secure to android.provider.Settings.Global.
E/fastiva (  729): dddd: 1-66 Ljava/lang/NumberFormatException;
E/fastiva (  729): Invalid int: "main_en_us"
E/fastiva (  729): dddd_break thread: 1 at : 54 sleep:0
E/fastiva (  495): dddd: 1-207 Llibcore/io/ErrnoException;
E/fastiva (  773): access failed: ENOENT (No such file or directory)
E/fastiva (  495): access failed: ENOENT (No such file or directory)
E/fastiva (  729): dddd: 10-0 Ljava/lang/NumberFormatException;
E/fastiva (  495): dddd_break thread: 1 at : 54 sleep:0
E/fastiva (  729): Invalid int: "main_en_us"
E/fastiva (  729): dddd_break thread: 1 at : 54 sleep:0
E/fastiva (  773): dddd_break thread: 1 at : 54 sleep:0
E/fastiva (  729): dddd: 1-67 Ljava/lang/NumberFormatException;
E/fastiva (  729): Invalid int: "main_en"
E/fastiva (  729): dddd_break thread: 1 at : 54 sleep:0
E/fastiva (  729): dddd: 10-1 Ljava/lang/NumberFormatException;
E/fastiva (  729): Invalid int: "main_en"
E/fastiva (  729): dddd_break thread: 1 at : 54 sleep:0
E/fastiva (  773): dddd: 1-49 Llibcore/io/ErrnoException;
E/fastiva (  773): open failed: ENOENT (No such file or directory)
E/fastiva (  773): dddd_break thread: 1 at : 54 sleep:0
E/fastiva (  773): dddd: 1-50 Ljava/io/FileNotFoundException;
E/fastiva (  773): /data/misc/sms/premium_sms_policy.xml: open failed: ENOENT (No such file or directory)
E/fastiva (  773): dddd_break thread: 1 at : 54 sleep:0
E/fastiva (  729): dddd: 10-2 Llibcore/io/ErrnoException;
E/fastiva (  729): open failed: ENOENT (No such file or directory)
E/fastiva (  729): dddd_break thread: 1 at : 54 sleep:0
E/fastiva (  729): dddd: 10-3 Ljava/io/FileNotFoundException;
E/fastiva (  729): /etc/timezone: open failed: ENOENT (No such file or directory)
E/fastiva (  729): dddd_break thread: 1 at : 54 sleep:0
E/fastiva (  729): dddd: 10-4 Ljava/io/FileNotFoundException;
E/fastiva (  729): /etc/timezone: open failed: ENOENT (No such file or directory)
E/fastiva (  729): dddd_break thread: 1 at : 54 sleep:0
E/fastiva (  495): dddd: 1-208 Llibcore/io/ErrnoException;
E/fastiva (  495): open failed: ENOENT (No such file or directory)
E/fastiva (  495): dddd_break thread: 1 at : 54 sleep:0
E/fastiva (  495): dddd: 1-209 Ljava/io/FileNotFoundException;
E/fastiva (  495): /data/system/device_policies.xml: open failed: ENOENT (No such file or directory)
E/fastiva (  495): dddd_break thread: 1 at : 54 sleep:0
E/fastiva (  795): dddd: 11-0 Llibcore/io/ErrnoException;
E/fastiva (  795): access failed: ENOENT (No such file or directory)
E/fastiva (  795): dddd_break thread: 1 at : 54 sleep:0
D/BluetoothManagerService(  495): Message: 300
D/BluetoothManagerService(  495): MESSAGE_USER_SWITCHED
I/MediaFocusControl(  495):   Remote Control   registerMediaButtonIntent() for PendingIntent{458cfc48: PendingIntentRecord{457b4468 android broadcastIntent}}
I/LatinIME:LogUtils(  729): Dictionary info: dictionary = userunigram.en_US.dict ; version = ? ; date = ?
I/LatinIME:LogUtils(  729): Dictionary info: dictionary = UserHistoryDictionary.en_US.dic ; version = ? ; date = 1398135629
I/LatinIME:LogUtils(  729): Dictionary info: dictionary = personalization.en_US.dict ; version = ? ; date = 1398060919
E/fastiva (  495): dddd: 1-210 Ljava/lang/NumberFormatException;
E/fastiva (  495): Invalid int: "null"
E/fastiva (  495): dddd_break thread: 1 at : 54 sleep:0
E/fastiva (  495): dddd: 1-211 Landroid/provider/Settings$SettingNotFoundException;
E/fastiva (  495): vibrate_input_devices
E/fastiva (  495): dddd_break thread: 1 at : 54 sleep:0
E/fastiva (  123): dddd: 2-0 Ljava/lang/InterruptedException;
E/fastiva (  123): dddd_break thread: 1 at : 54 sleep:0
E/fastiva (  123): dddd: 3-0 Ljava/lang/InterruptedException;
E/fastiva (  123): dddd_break thread: 1 at : 54 sleep:0
E/fastiva (  123): dddd: 4-0 Ljava/lang/InterruptedException;
E/fastiva (  123): dddd_break thread: 1 at : 54 sleep:0
I/LatinIME:LogUtils(  729): Dictionary info: dictionary = PersonalizationPredictionDictio ; version = ? ; date = 1398060919
D/libEGL  (  600): loaded /system/lib/egl/libEGL_tegra.so
I/ActivityManager(  495): Start proc com.android.smspush for service com.android.smspush/.WapPushManager: pid=862 uid=10050 gids={50050}
E/fastiva (  123): dddd: 2-0 Ljava/lang/InterruptedException;
E/fastiva (  123): dddd_break thread: 1 at : 54 sleep:0
E/fastiva (  123): dddd: 3-0 Ljava/lang/InterruptedException;
E/fastiva (  123): dddd_break thread: 1 at : 54 sleep:0
E/fastiva (  123): dddd: 4-0 Ljava/lang/InterruptedException;
E/fastiva (  123): dddd_break thread: 1 at : 54 sleep:0
I/ActivityManager(  495): Start proc com.android.music for broadcast com.android.music/.MediaButtonIntentReceiver: pid=870 uid=10034 gids={50034, 3003, 1028, 1015}
E/fastiva (  782): dddd: 10-0 Llibcore/io/ErrnoException;
E/fastiva (  782): access failed: ENOENT (No such file or directory)
E/fastiva (  782): dddd_break thread: 1 at : 54 sleep:0
E/fastiva (  782): dddd: 10-0 Llibcore/io/ErrnoException;
E/fastiva (  782): access failed: ENOENT (No such file or directory)
E/fastiva (  782): dddd_break thread: 1 at : 54 sleep:0
D/libEGL  (  600): loaded /system/lib/egl/libGLESv1_CM_tegra.so
D/MtpService(  712): updating state; isCurrentUser=true, mMtpLocked=false
I/FusedLocation(  495): engine stopped (com.android.location.fused)
I/FusedLocation(  495): engine started (com.android.location.fused)
E/fastiva (  819): dddd: 10-0 Llibcore/io/ErrnoException;
I/FusedLocation(  495): engine started (com.android.location.fused)
D/libgps  (  495): proxy_gps_cleanup()
D/libgps  (  495): proxy_gps_init()
E/fastiva (  819): access failed: ENOENT (No such file or directory)
E/fastiva (  819): dddd_break thread: 1 at : 54 sleep:0
D/libgps  (  495): proxy_gps_xtra_init()
D/libgps  (  495): proxy_agps_init()
D/libgps  (  495): proxy_gps_ni_init()
D/libgps  (  495): proxy_agps_ril_init()
I/NfceeAccess(  782): read 3 signature(s) for NFCEE access
E/fastiva (  862): dddd: 1-44 Lcom/android/internal/os/ZygoteInit$MethodAndArgsCaller;
E/fastiva (  862): dddd_break thread: 1 at : 54 sleep:0
E/fastiva (  862): dddd: 1-45 Lcom/android/internal/os/ZygoteInit$MethodAndArgsCaller;
E/fastiva (  862): dddd_break thread: 1 at : 54 sleep:0
D/libEGL  (  600): loaded /system/lib/egl/libGLESv2_tegra.so
I/PackageManager(  495): Running dexopt on: com.android.smspush
W/Settings(  782): Setting airplane_mode_radios has moved from android.provider.Settings.System to android.provider.Settings.Global, returning read-only value.
W/Settings(  782): Setting airplane_mode_toggleable_radios has moved from android.provider.Settings.System to android.provider.Settings.Global, returning read-only value.
I/fastiva (  870): CheckJNI enabled: not enabling JNI app bug workarounds.
E/fastiva (  870): dddd: 1-44 Lcom/android/internal/os/ZygoteInit$MethodAndArgsCaller;
E/fastiva (  870): dddd_break thread: 1 at : 54 sleep:0
E/fastiva (  870): dddd: 1-45 Lcom/android/internal/os/ZygoteInit$MethodAndArgsCaller;
E/fastiva (  870): dddd_break thread: 1 at : 54 sleep:0
D/fastiva (  782): fastiva_dvmScanStatic done
D/fastiva (  782): GC_CONCURRENT freed 276K, 16% free 2235K/2652K, paused 2ms+51ms, total 112ms
D/OpenGLRenderer(  600): Enabling debug mode 0
E/fastiva (  795): dddd: 1-47 Ljava/lang/RuntimeException;
E/fastiva (  795): Binary XML file line #67: You must supply a layout_width attribute.
E/fastiva (  795): dddd_break thread: 1 at : 54 sleep:0
E/fastiva (  795): dddd: 1-48 Ljava/lang/RuntimeException;
E/fastiva (  795): Binary XML file line #68: You must supply a layout_width attribute.
E/fastiva (  795): dddd_break thread: 1 at : 54 sleep:0
D/fastiva (  495): marking LocationProviderBase 30401, 25543
D/fastiva (  495): fastiva_dvmScanStatic done
D/fastiva (  729): fastiva_dvmScanStatic done
D/fastiva (  729): GC_CONCURRENT freed 225K, 14% free 2380K/2744K, paused 5ms+186ms, total 342ms
D/fastiva (  729): WAIT_FOR_CONCURRENT_GC blocked 220ms
D/MtpService(  712): addStorageLocked 65537 /storage/emulated/0
D/fastiva (  495): GC_CONCURRENT freed 423K, 12% free 4512K/5100K, paused 2ms+107ms, total 308ms
E/fastiva (  729): dddd: 16-0 Llibcore/io/ErrnoException;
E/fastiva (  729): access failed: ENOENT (No such file or directory)
E/fastiva (  729): dddd_break thread: 1 at : 54 sleep:0
E/fastiva (  729): dddd: 16-1 Llibcore/io/ErrnoException;
E/fastiva (  729): access failed: ENOENT (No such file or directory)
E/fastiva (  729): dddd_break thread: 1 at : 54 sleep:0
E/fastiva (  729): dddd: 16-2 Llibcore/io/ErrnoException;
E/fastiva (  729): stat failed: ENOENT (No such file or directory)
E/fastiva (  729): dddd_break thread: 1 at : 54 sleep:0
E/fastiva (  729): dddd: 10-5 Ljava/lang/NumberFormatException;
E/fastiva (  729): Invalid int: "main_en_us"
E/fastiva (  729): dddd_break thread: 1 at : 54 sleep:0
E/fastiva (  729): dddd: 10-6 Ljava/lang/NumberFormatException;
E/fastiva (  729): Invalid int: "main_en"
E/fastiva (  729): dddd_break thread: 1 at : 54 sleep:0
I/LatinIME:LogUtils(  729): Dictionary info: dictionary = main:en ; version = 42 ; date = 1381226429
D/fastiva (  795): fastiva_dvmScanStatic done
D/fastiva (  795): GC_CONCURRENT freed 206K, 13% free 2399K/2744K, paused 1ms+94ms, total 216ms
D/fastiva (  795): WAIT_FOR_CONCURRENT_GC blocked 108ms
D/fastiva (  795): WAIT_FOR_CONCURRENT_GC blocked 108ms
E/fastiva (  795): dddd: 1-49 Ljava/lang/RuntimeException;
E/fastiva (  795): Binary XML file line #69: You must supply a layout_width attribute.
E/fastiva (  795): dddd_break thread: 1 at : 54 sleep:0
E/fastiva (  795): dddd: 1-50 Ljava/lang/RuntimeException;
E/fastiva (  795): Binary XML file line #70: You must supply a layout_width attribute.
E/fastiva (  795): dddd_break thread: 1 at : 54 sleep:0
E/fastiva (  795): dddd: 1-51 Ljava/lang/RuntimeException;
E/fastiva (  795): Binary XML file line #71: You must supply a layout_width attribute.
E/fastiva (  795): dddd_break thread: 1 at : 54 sleep:0
E/fastiva (  795): dddd: 1-52 Ljava/lang/RuntimeException;
E/fastiva (  795): Binary XML file line #80: You must supply a layout_width attribute.
E/fastiva (  795): dddd_break thread: 1 at : 54 sleep:0
E/fastiva (  795): dddd: 1-53 Ljava/lang/RuntimeException;
E/fastiva (  795): Binary XML file line #22: You must supply a layout_width attribute.
E/fastiva (  795): dddd_break thread: 1 at : 54 sleep:0
D/fastiva (  795): fastiva_dvmScanStatic done
D/fastiva (  795): GC_CONCURRENT freed 102K, 9% free 2776K/3020K, paused 2ms+32ms, total 81ms
D/fastiva (  795): WAIT_FOR_CONCURRENT_GC blocked 51ms
D/fastiva (  795): WAIT_FOR_CONCURRENT_GC blocked 51ms
D/fastiva (  893): $$$ optimizing (/system/app/WAPPushManager.apk, isb=0)
D/fastiva (  893): DexOpt: load 0ms, verify+opt 2ms, 1787396 bytes
I/PackageManager(  495): Running dexopt on: com.android.music
D/fastiva (  862): Opening DEX file '/system/app/WAPPushManager.apk' (Jar)
E/fastiva (  862): dddd_break thread: 1 at : 54 sleep:0
E/fastiva (  862): dddd: 1-46 Llibcore/io/ErrnoException;
E/fastiva (  862): stat failed: ENOENT (No such file or directory)
E/fastiva (  862): dddd_break thread: 1 at : 54 sleep:0
D/fastiva (  901): $$$ optimizing (/system/app/Music.apk, isb=0)
D/fastiva (  901): DexOpt: load 12ms, verify+opt 89ms, 1945420 bytes
D/MtpService(  712): updating state; isCurrentUser=true, mMtpLocked=false
D/BluetoothManagerService(  495): Message: 20
D/BluetoothManagerService(  495): Added callback: android.bluetooth.IBluetoothManagerCallback$Stub$Proxy@456ec618:true
E/fastiva (  712): dddd: 1-48 Llibcore/io/ErrnoException;
E/fastiva (  712): access failed: ENOENT (No such file or directory)
E/fastiva (  712): dddd_break thread: 1 at : 54 sleep:0
D/MtpService(  712): starting MTP server in MTP mode
D/MtpService(  712): addStorageLocked 65537 /storage/emulated/0
E/fastiva (  712): dddd: 11-0 Llibcore/io/ErrnoException;
D/fastiva (  870): Opening DEX file '/system/app/Music.apk' (Jar)
E/fastiva (  870): dddd_break thread: 1 at : 54 sleep:0
E/fastiva (  870): dddd: 1-46 Llibcore/io/ErrnoException;
E/fastiva (  870): stat failed: ENOENT (No such file or directory)
E/fastiva (  870): dddd_break thread: 1 at : 54 sleep:0
D/BluetoothManagerService(  495): Message: 30
E/fastiva (  712): access failed: ENOENT (No such file or directory)
E/fastiva (  712): dddd_break thread: 1 at : 54 sleep:0
V/StatusBar(  600): userId 0 is in the house
E/fastiva (  712): dddd: 11-1 Llibcore/io/ErrnoException;
E/fastiva (  712): access failed: ENOENT (No such file or directory)
E/fastiva (  712): dddd_break thread: 1 at : 54 sleep:0
E/fastiva (  712): dddd: 11-2 Llibcore/io/ErrnoException;
E/fastiva (  495): dddd: 1-212 Llibcore/io/ErrnoException;
E/fastiva (  712): stat failed: ENOENT (No such file or directory)
E/fastiva (  495): access failed: ENOENT (No such file or directory)
E/fastiva (  495): dddd_break thread: 1 at : 54 sleep:0
E/fastiva (  712): dddd_break thread: 1 at : 54 sleep:0
D/NfcService(  782): checking on firmware download
W/Settings(  782): Setting airplane_mode_on has moved from android.provider.Settings.System to android.provider.Settings.Global, returning read-only value.
D/NfcService(  782): NFC is on. Doing normal stuff
I/NfcService(  782): Enabling NFC
W/fastiva (  782): JNI WARNING: DeleteLocalRef(0x4563d740) failed to find entry
D/NFCJNI  (  782): Start Initialization
D/CallNotifier(  773): CallNotifier: mSignalInfoToneGenerator created when toneplay
D/BluetoothManagerService(  495): Message: 30
I/MediaFocusControl(  495):   Remote Control   registerMediaButtonIntent() for PendingIntent{45879e80: PendingIntentRecord{4583ba80 com.android.music broadcastIntent}}
D/BluetoothAdapter(  674): 1164163936: getState() :  mService = null. Returning STATE_OFF
E/fastiva (  870): dddd: 1-47 Llibcore/io/ErrnoException;
E/fastiva (  870): open failed: ENOENT (No such file or directory)
E/fastiva (  870): dddd_break thread: 1 at : 54 sleep:0
E/fastiva (  870): dddd: 1-48 Ljava/io/FileNotFoundException;
E/fastiva (  870): /etc/timezone: open failed: ENOENT (No such file or directory)
E/fastiva (  870): dddd_break thread: 1 at : 54 sleep:0
E/fastiva (  870): dddd: 1-49 Ljava/io/FileNotFoundException;
E/fastiva (  870): /etc/timezone: open failed: ENOENT (No such file or directory)
E/fastiva (  870): dddd_break thread: 1 at : 54 sleep:0
E/fastiva (  870): dddd: 10-0 Llibcore/io/ErrnoException;
E/fastiva (  870): access failed: ENOENT (No such file or directory)
E/fastiva (  870): dddd_break thread: 1 at : 54 sleep:0
D/fastiva (  773): fastiva_dvmScanStatic done
E/fastiva (  773): dddd: 20-0 Llibcore/io/ErrnoException;
E/fastiva (  773): access failed: ENOENT (No such file or directory)
E/fastiva (  773): dddd_break thread: 1 at : 54 sleep:0
D/fastiva (  773): GC_CONCURRENT freed 161K, 11% free 2422K/2716K, paused 1ms+54ms, total 125ms
E/fastiva (  870): dddd: 1-50 Ljava/lang/IllegalStateException;
E/fastiva (  870): dddd_break thread: 1 at : 54 sleep:0
E/fastiva (  870): dddd: 1-51 Ljava/lang/IllegalStateException;
E/fastiva (  870): dddd_break thread: 1 at : 54 sleep:0
E/fastiva (  600): dddd: 1-54 Ljava/lang/RuntimeException;
E/fastiva (  600): Binary XML file line #53: You must supply a layout_width attribute.
E/fastiva (  600): dddd_break thread: 1 at : 54 sleep:0
D/mterp   (  600): Exception Ljava/lang/RuntimeException; from MultiPaneChallengeLayout.java:506 not caught locally
E/fastiva (  600): dddd: 1-55 Ljava/lang/RuntimeException;
E/fastiva (  600): Binary XML file line #53: You must supply a layout_width attribute.
E/fastiva (  600): dddd_break thread: 1 at : 54 sleep:0
D/TelephonyDebugService(  773): TelephonyDebugService()
D/BluetoothManagerService(  495): Message: 30
E/BluetoothPhoneService(  773): Could not get a handle on Connection object for the call
W/CallNotifier(  773): Got onMwiChanged() on non-voice-capable device! Ignoring...
I/PhoneApp(  773): Headset phone created, binding local service.
D/fastiva (  795): fastiva_dvmScanStatic done
D/fastiva (  795): GC_CONCURRENT freed 229K, 12% free 2964K/3344K, paused 5ms+68ms, total 129ms
D/libEGL  (  795): loaded /system/lib/egl/libEGL_tegra.so
D/libEGL  (  795): loaded /system/lib/egl/libGLESv1_CM_tegra.so
D/libEGL  (  795): loaded /system/lib/egl/libGLESv2_tegra.so
D/OpenGLRenderer(  795): Enabling debug mode 0
D/fastiva (  600): fastiva_dvmScanStatic done
D/fastiva (  600): GC_CONCURRENT freed 268K, 9% free 4371K/4780K, paused 2ms+41ms, total 114ms
D/fastiva (  600): WAIT_FOR_CONCURRENT_GC blocked 74ms
I/ActivityManager(  495): Displayed com.android.launcher/com.android.launcher2.Launcher: +5s663ms
D/fastiva (  795): +++ late optimize on L$Proxy0; (pv=0)
W/linker  (  782): libpn544_fw.so has text relocations. This is wasting memory and is a security risk. Please fix.
D/fastiva (  795): fastiva_dvmScanStatic done
D/fastiva (  795): GC_FOR_ALLOC freed 39K, 10% free 3037K/3344K, paused 83ms, total 84ms
I/fastiva-heap(  795): Grow heap (frag case) to 3.491MB for 409624-byte allocation
D/fastiva (  795): fastiva_dvmScanStatic done
D/fastiva (  795): GC_CONCURRENT freed 3K, 9% free 3434K/3748K, paused 2ms+32ms, total 78ms
D/fastiva (  795): WAIT_FOR_CONCURRENT_GC blocked 65ms
D/NFCJNI  (  782): NFC capabilities: HAL = 8150100, FW = a76d0c, HW = 620003, Model = 10, HCI = 1, Full_FW = 109, Rev = 12, FW Update Info = 0
D/fastiva (  600): fastiva_dvmScanStatic done
D/fastiva (  600): GC_CONCURRENT freed 224K, 7% free 4901K/5268K, paused 1ms+51ms, total 122ms
D/fastiva (  600): WAIT_FOR_CONCURRENT_GC blocked 105ms
W/WindowManager(  495): Window freeze timeout expired.
W/WindowManager(  495): Force clearing orientation change: Window{458b4090 u0 NavigationBar}
W/WindowManager(  495): Force clearing orientation change: Window{458725c0 u0 StatusBar}
D/fastiva (  795): fastiva_dvmScanStatic done
D/fastiva (  795): GC_FOR_ALLOC freed <1K, 9% free 3434K/3748K, paused 88ms, total 88ms
I/fastiva-heap(  795): Grow heap (frag case) to 3.878MB for 409624-byte allocation
D/fastiva (  795): fastiva_dvmScanStatic done
D/fastiva (  795): GC_FOR_ALLOC freed <1K, 8% free 3834K/4152K, paused 90ms, total 90ms
D/fastiva (  495): marking LocationProviderBase 30401, 25543
D/fastiva (  495): fastiva_dvmScanStatic done
D/fastiva (  495): GC_CONCURRENT freed 431K, 12% free 4630K/5228K, paused 2ms+50ms, total 150ms
D/fastiva (  495): WAIT_FOR_CONCURRENT_GC blocked 113ms
I/Choreographer(  600): Skipped 169 frames!  The application may be doing too much work on its main thread.
V/KeyguardHostView(  600): music state changed: 0
D/NFCJNI  (  782): phLibNfc_SE_GetSecureElementList()
D/NFCJNI  (  782): 
D/NFCJNI  (  782): > Number of Secure Element(s) : 1
D/NFCJNI  (  782): phLibNfc_SE_GetSecureElementList(): SMX detected, handle=0xabcdef
D/NFCJNI  (  782): phLibNfc_SE_SetMode() returned 0x000d[NFCSTATUS_PENDING]
D/fastiva (  795): fastiva_dvmScanStatic done
D/fastiva (  795): GC_CONCURRENT freed <1K, 8% free 3836K/4152K, paused 2ms+48ms, total 101ms
D/fastiva (  795): WAIT_FOR_CONCURRENT_GC blocked 86ms
E/fastiva (  795): dddd: 1-54 Llibcore/io/ErrnoException;
E/fastiva (  795): open failed: ENOENT (No such file or directory)
E/fastiva (  795): dddd_break thread: 1 at : 54 sleep:0
E/fastiva (  795): dddd: 1-55 Ljava/io/FileNotFoundException;
E/fastiva (  795): /etc/timezone: open failed: ENOENT (No such file or directory)
E/fastiva (  795): dddd_break thread: 1 at : 54 sleep:0
E/fastiva (  795): dddd: 1-56 Ljava/io/FileNotFoundException;
E/fastiva (  795): /etc/timezone: open failed: ENOENT (No such file or directory)
E/fastiva (  795): dddd_break thread: 1 at : 54 sleep:0
I/NFCJNI  (  782): NFC Initialized
D/NdefPushServer(  782): start, thread = null
D/NdefPushServer(  782): starting new server thread
W/fastiva (  782): JNI WARNING: DeleteLocalRef(0x4563d740) failed to find entry
W/fastiva (  782): JNI WARNING: DeleteLocalRef(0x45640050) failed to find entry
D/NdefPushServer(  782): about create LLCP service socket
W/fastiva (  782): JNI WARNING: DeleteLocalRef(0x4563d740) failed to find entry
D/NdefPushServer(  782): created LLCP service socket
D/NdefPushServer(  782): about to accept
W/fastiva (  782): JNI WARNING: DeleteLocalRef(0x45640050) failed to find entry
W/fastiva (  782): JNI WARNING: DeleteLocalRef(0x4563d740) failed to find entry
W/fastiva (  782): JNI WARNING: DeleteLocalRef(0x45640050) failed to find entry
E/fastiva (  782): dddd: 10-0 Llibcore/io/ErrnoException;
E/fastiva (  782): open failed: ENOENT (No such file or directory)
E/fastiva (  782): dddd_break thread: 1 at : 54 sleep:0
D/NfcService(  782): NFC-EE OFF
W/fastiva (  782): JNI WARNING: DeleteLocalRef(0x4563d740) failed to find entry
I/Choreographer(  795): Skipped 31 frames!  The application may be doing too much work on its main thread.
D/fastiva (  600): +++ late optimize on L$Proxy0; (pv=0)
D/NfcService(  782): NFC-C ON
W/fastiva (  782): JNI WARNING: DeleteLocalRef(0x4563d740) failed to find entry
D/fastiva (  600): +++ late optimize on L$Proxy1; (pv=0)
D/fastiva (  795): fastiva_dvmScanStatic done
D/fastiva (  795): +++ late optimize on L$Proxy1; (pv=0)
D/fastiva (  795): GC_CONCURRENT freed 32K, 6% free 4324K/4556K, paused 2ms+44ms, total 111ms
D/fastiva (  600): fastiva_dvmScanStatic done
D/fastiva (  600): GC_CONCURRENT freed 338K, 9% free 5496K/5976K, paused 1ms+46ms, total 102ms
D/fastiva (  600): WAIT_FOR_CONCURRENT_GC blocked 75ms
E/fastiva (  795): dddd: 14-0 Llibcore/io/ErrnoException;
E/fastiva (  795): access failed: ENOENT (No such file or directory)
E/fastiva (  795): dddd_break thread: 1 at : 54 sleep:0
E/fastiva (  495): dddd: 59-0 Llibcore/io/ErrnoException;
E/fastiva (  495): access failed: ENOENT (No such file or directory)
E/fastiva (  495): dddd_break thread: 1 at : 54 sleep:0
D/fastiva (  795): fastiva_dvmScanStatic done
D/fastiva (  795): GC_CONCURRENT freed 377K, 11% free 4644K/5184K, paused 2ms+34ms, total 85ms
D/fastiva (  795): WAIT_FOR_CONCURRENT_GC blocked 61ms
D/fastiva (  600): fastiva_dvmScanStatic done
D/fastiva (  600): GC_FOR_ALLOC freed 133K, 8% free 6011K/6520K, paused 90ms, total 90ms
I/fastiva-heap(  600): Grow heap (frag case) to 13.817MB for 8192024-byte allocation
D/fastiva (  600): fastiva_dvmScanStatic done
D/fastiva (  600): GC_CONCURRENT freed 8K, 4% free 14002K/14524K, paused 2ms+33ms, total 86ms
D/fastiva (  600): WAIT_FOR_CONCURRENT_GC blocked 47ms
D/fastiva (  600): fastiva_dvmScanStatic done
D/fastiva (  600): GC_FOR_ALLOC freed <1K, 4% free 14003K/14524K, paused 82ms, total 82ms
I/fastiva-heap(  600): Grow heap (frag case) to 20.674MB for 7198744-byte allocation
D/fastiva (  600): fastiva_dvmScanStatic done
D/fastiva (  600): GC_CONCURRENT freed <1K, 3% free 21032K/21556K, paused 1ms+34ms, total 86ms
D/fastiva (  600): WAIT_FOR_CONCURRENT_GC blocked 84ms
V/KeyguardServiceDelegate(  495): **** SHOWN CALLED ****
I/Choreographer(  600): Skipped 54 frames!  The application may be doing too much work on its main thread.
D/PhoneStatusBar(  600): disable: < expand icons alerts ticker system_info BACK* HOME* RECENT* clock SEARCH* >
I/SurfaceFlinger(  122): Boot is finished (42069 ms)
E/fastiva (  600): dddd: 1-56 Ljava/lang/RuntimeException;
E/fastiva (  600): Binary XML file line #57: You must supply a layout_width attribute.
E/fastiva (  600): dddd_break thread: 1 at : 54 sleep:0
D/BluetoothManagerService(  495): Message: 30
E/fastiva (  495): dddd: 39-0 Llibcore/io/ErrnoException;
E/fastiva (  495): open failed: ENOENT (No such file or directory)
E/fastiva (  495): dddd_break thread: 1 at : 54 sleep:0
D/BluetoothManagerService(  495): Message: 30
W/ContextImpl(  495): Calling a method in the system process without a qualified user: <bottom of call stack> <bottom of call stack> <bottom of call stack> <bottom of call stack> <bottom of call stack> 
W/ContextImpl(  495): Calling a method in the system process without a qualified user: <bottom of call stack> <bottom of call stack> <bottom of call stack> <bottom of call stack> <bottom of call stack> 
V/WiredAccessoryManager(  495): init()
E/fastiva (  495): dddd: 69-0 Llibcore/io/ErrnoException;
E/fastiva (  123): dddd: 2-0 Ljava/lang/InterruptedException;
E/fastiva (  495): dddd: 70-0 Llibcore/io/ErrnoException;
E/fastiva (  123): dddd_break thread: 1 at : 54 sleep:0
E/fastiva (  495): access failed: ENOENT (No such file or directory)
E/fastiva (  495): dddd_break thread: 1 at : 54 sleep:0
E/fastiva (  123): dddd: 3-0 Ljava/lang/InterruptedException;
E/fastiva (  123): dddd_break thread: 1 at : 54 sleep:0
E/fastiva (  495): open failed: ENOENT (No such file or directory)
I/PowerManagerService(  495): Boot animation finished.
E/fastiva (  123): dddd: 4-0 Ljava/lang/InterruptedException;
E/fastiva (  123): dddd_break thread: 1 at : 54 sleep:0
E/fastiva (  495): dddd_break thread: 1 at : 54 sleep:0
E/fastiva (  495): dddd: 69-1 Ljava/io/FileNotFoundException;
E/fastiva (  495): /cache/recovery/log: open failed: ENOENT (No such file or directory)
E/fastiva (  495): dddd_break thread: 1 at : 54 sleep:0
I/RecoverySystem(  495): No recovery log file
I/BootReceiver(  495): Copying /proc/last_kmsg to DropBox (SYSTEM_LAST_KMSG)
E/fastiva (  965): dddd: 1-44 Lcom/android/internal/os/ZygoteInit$MethodAndArgsCaller;
E/fastiva (  965): dddd_break thread: 1 at : 54 sleep:0
E/fastiva (  965): dddd: 1-45 Lcom/android/internal/os/ZygoteInit$MethodAndArgsCaller;
E/fastiva (  965): dddd_break thread: 1 at : 54 sleep:0
D/fastiva (  495): marking LocationProviderBase 30401, 25543
D/fastiva (  495): fastiva_dvmScanStatic done
D/fastiva (  495): GC_FOR_ALLOC freed 345K, 12% free 4752K/5380K, paused 142ms, total 142ms
E/fastiva (  495): dddd: 70-0 Llibcore/io/ErrnoException;
I/ActivityManager(  495): Start proc com.android.providers.calendar for broadcast com.android.providers.calendar/.CalendarReceiver: pid=965 uid=10001 gids={50001, 3003, 1028, 1015}
E/fastiva (  495): access failed: ENOENT (No such file or directory)
E/fastiva (  495): dddd_break thread: 1 at : 54 sleep:0
I/PackageManager(  495): Running dexopt on: com.android.providers.calendar
D/fastiva (  495): marking LocationProviderBase 30401, 25543
D/fastiva (  495): fastiva_dvmScanStatic done
D/fastiva (  495): GC_FOR_ALLOC freed 29K, 12% free 4854K/5480K, paused 154ms, total 154ms
D/fastiva (  495): marking LocationProviderBase 30401, 25543
D/fastiva (  495): fastiva_dvmScanStatic done
D/fastiva (  495): GC_FOR_ALLOC freed 219K, 16% free 4781K/5632K, paused 146ms, total 146ms
E/fastiva (  495): dddd: 69-2 Llibcore/io/ErrnoException;
E/fastiva (  495): stat failed: ENOENT (No such file or directory)
E/fastiva (  495): dddd_break thread: 1 at : 54 sleep:0
E/fastiva (  495): dddd: 69-3 Llibcore/io/ErrnoException;
E/fastiva (  495): stat failed: ENOENT (No such file or directory)
E/fastiva (  495): dddd_break thread: 1 at : 54 sleep:0
E/fastiva (  495): dddd: 69-4 Llibcore/io/ErrnoException;
E/fastiva (  495): stat failed: ENOENT (No such file or directory)
E/fastiva (  495): dddd_break thread: 1 at : 54 sleep:0
I/BootReceiver(  495): Copying audit failures to DropBox
E/fastiva (  495): dddd: 70-1 Llibcore/io/ErrnoException;
E/fastiva (  495): access failed: ENOENT (No such file or directory)
E/fastiva (  495): dddd_break thread: 1 at : 54 sleep:0
D/fastiva (  495): marking LocationProviderBase 30401, 25543
D/fastiva (  495): fastiva_dvmScanStatic done
D/fastiva (  495): GC_FOR_ALLOC freed 315K, 18% free 4671K/5632K, paused 131ms, total 131ms
I/Choreographer(  600): Skipped 49 frames!  The application may be doing too much work on its main thread.
I/BootReceiver(  495): Copied 638 worth of audits to DropBox
E/fastiva (  495): dddd: 69-5 Llibcore/io/ErrnoException;
E/fastiva (  495): stat failed: ENOENT (No such file or directory)
E/fastiva (  495): dddd_break thread: 1 at : 54 sleep:0
I/BootReceiver(  495): Checking for fsck errors
D/fastiva (  980): $$$ optimizing (/system/priv-app/CalendarProvider.apk, isb=0)
D/fastiva (  980): DexOpt: load 16ms, verify+opt 114ms, 1949748 bytes
D/fastiva (  965): Opening DEX file '/system/framework/android.test.runner.jar' (Jar)
E/fastiva (  965): dddd_break thread: 1 at : 54 sleep:0
D/fastiva (  965): Opening DEX file '/system/priv-app/CalendarProvider.apk' (Jar)
E/fastiva (  965): dddd_break thread: 1 at : 54 sleep:0
E/fastiva (  965): dddd: 1-46 Llibcore/io/ErrnoException;
E/fastiva (  965): stat failed: ENOENT (No such file or directory)
E/fastiva (  965): dddd_break thread: 1 at : 54 sleep:0
E/fastiva (  965): dddd: 10-0 Llibcore/io/ErrnoException;
E/fastiva (  965): open failed: ENOENT (No such file or directory)
E/fastiva (  965): dddd_break thread: 1 at : 54 sleep:0
E/fastiva (  965): dddd: 10-1 Ljava/io/FileNotFoundException;
E/fastiva (  965): /etc/timezone: open failed: ENOENT (No such file or directory)
E/fastiva (  965): dddd_break thread: 1 at : 54 sleep:0
E/fastiva (  965): dddd: 10-2 Ljava/io/FileNotFoundException;
E/fastiva (  965): /etc/timezone: open failed: ENOENT (No such file or directory)
E/fastiva (  965): dddd_break thread: 1 at : 54 sleep:0
I/ActivityManager(  495): Delay finish: com.android.providers.downloads/.DownloadReceiver
I/ActivityManager(  495): Resuming delayed broadcast
I/ActivityManager(  495): Delay finish: com.android.providers.media/.MediaScannerReceiver
D/fastiva (  712): fastiva_dvmScanStatic done
D/fastiva (  712): GC_CONCURRENT freed 215K, 14% free 2290K/2644K, paused 1ms+37ms, total 91ms
D/PhoneStatusBar(  600): disable: < expand icons alerts ticker system_info BACK HOME RECENT CLOCK* SEARCH >
D/fastiva (  712): fastiva_dvmScanStatic done
D/fastiva (  712): GC_CONCURRENT freed 346K, 17% free 2457K/2944K, paused 1ms+51ms, total 102ms
D/fastiva (  712): WAIT_FOR_CONCURRENT_GC blocked 59ms
E/fastiva (  712): dddd: 13-0 Llibcore/io/ErrnoException;
E/fastiva (  712): open failed: ENOENT (No such file or directory)
E/fastiva (  712): dddd_break thread: 1 at : 54 sleep:0
E/fastiva (  712): dddd: 13-1 Ljava/io/FileNotFoundException;
E/fastiva (  712): /etc/timezone: open failed: ENOENT (No such file or directory)
E/fastiva (  712): dddd_break thread: 1 at : 54 sleep:0
E/fastiva (  712): dddd: 13-2 Ljava/io/FileNotFoundException;
E/fastiva (  712): /etc/timezone: open failed: ENOENT (No such file or directory)
E/fastiva (  712): dddd_break thread: 1 at : 54 sleep:0
D/fastiva (  712): fastiva_dvmScanStatic done
D/fastiva (  712): GC_CONCURRENT freed 419K, 19% free 2457K/3020K, paused 2ms+50ms, total 106ms
E/fastiva (  712): dddd: 13-3 Llibcore/io/ErrnoException;
E/fastiva (  712): access failed: ENOENT (No such file or directory)
E/fastiva (  712): dddd_break thread: 1 at : 54 sleep:0
E/fastiva (  712): dddd: 13-4 Llibcore/io/ErrnoException;
E/fastiva (  712): access failed: ENOENT (No such file or directory)
E/fastiva (  712): dddd_break thread: 1 at : 54 sleep:0
E/fastiva (  712): dddd: 13-5 Llibcore/io/ErrnoException;
E/fastiva (  712): access failed: ENOENT (No such file or directory)
E/fastiva (  712): dddd_break thread: 1 at : 54 sleep:0
V/MediaScanner(  712): pruneDeadThumbnailFiles... android.database.sqlite.SQLiteCursor@456baf00
V/MediaScanner(  712): /pruneDeadThumbnailFiles... android.database.sqlite.SQLiteCursor@456baf00
E/fastiva (  123): dddd: 2-0 Ljava/lang/InterruptedException;
E/fastiva (  123): dddd_break thread: 1 at : 54 sleep:0
I/ActivityManager(  495): Resuming delayed broadcast
E/fastiva (  123): dddd: 3-0 Ljava/lang/InterruptedException;
E/fastiva (  123): dddd_break thread: 1 at : 54 sleep:0
E/fastiva (  123): dddd: 4-0 Ljava/lang/InterruptedException;
E/fastiva (  123): dddd_break thread: 1 at : 54 sleep:0
I/ActivityManager(  495): Start proc com.android.onetimeinitializer for broadcast com.android.onetimeinitializer/.OneTimeInitializerReceiver: pid=1017 uid=10009 gids={50009}
D/MtpService(  712): updating state; isCurrentUser=true, mMtpLocked=false
E/fastiva (  712): dddd: 1-49 Llibcore/io/ErrnoException;
E/fastiva (  712): access failed: ENOENT (No such file or directory)
E/fastiva (  712): dddd_break thread: 1 at : 54 sleep:0
E/fastiva ( 1017): dddd: 1-44 Lcom/android/internal/os/ZygoteInit$MethodAndArgsCaller;
E/fastiva ( 1017): dddd_break thread: 1 at : 54 sleep:0
E/fastiva ( 1017): dddd: 1-45 Lcom/android/internal/os/ZygoteInit$MethodAndArgsCaller;
E/fastiva ( 1017): dddd_break thread: 1 at : 54 sleep:0
I/PackageManager(  495): Running dexopt on: com.android.onetimeinitializer
D/fastiva (  495): marking LocationProviderBase 30401, 25543
D/fastiva (  495): fastiva_dvmScanStatic done
D/fastiva (  495): GC_CONCURRENT freed 607K, 19% free 4606K/5632K, paused 2ms+56ms, total 158ms
I/CalendarProvider2(  965): Sending notification intent: Intent { act=android.intent.action.PROVIDER_CHANGED dat=content://com.android.calendar }
D/mterp   (  965): Exception Ljava/lang/IllegalArgumentException; from CalendarProvider2.java:1503 not caught locally
E/fastiva (  965): dddd: 1-47 Ljava/lang/IllegalArgumentException;
E/fastiva (  965): Unknown URL content://com.android.calendar
E/fastiva (  965): dddd_break thread: 1 at : 54 sleep:0
W/ContentResolver(  965): Failed to get type for: content://com.android.calendar (Unknown URL content://com.android.calendar)
D/fastiva ( 1029): $$$ optimizing (/system/priv-app/OneTimeInitializer.apk, isb=0)
D/fastiva ( 1029): DexOpt: load 0ms, verify+opt 2ms, 1786092 bytes
D/fastiva ( 1017): Opening DEX file '/system/priv-app/OneTimeInitializer.apk' (Jar)
E/fastiva ( 1017): dddd_break thread: 1 at : 54 sleep:0
E/fastiva ( 1017): dddd: 1-46 Llibcore/io/ErrnoException;
E/fastiva ( 1017): stat failed: ENOENT (No such file or directory)
E/fastiva ( 1017): dddd_break thread: 1 at : 54 sleep:0
V/OneTimeInitializerRece( 1017): OneTimeInitializerReceiver.onReceive
E/fastiva ( 1017): dddd: 11-0 Llibcore/io/ErrnoException;
E/fastiva ( 1017): access failed: ENOENT (No such file or directory)
E/fastiva ( 1017): dddd_break thread: 1 at : 54 sleep:0
E/fastiva (  123): dddd: 2-0 Ljava/lang/InterruptedException;
E/fastiva (  123): dddd_break thread: 1 at : 54 sleep:0
E/fastiva (  123): dddd: 3-0 Ljava/lang/InterruptedException;
E/fastiva (  123): dddd_break thread: 1 at : 54 sleep:0
E/fastiva (  123): dddd: 4-0 Ljava/lang/InterruptedException;
E/fastiva (  123): dddd_break thread: 1 at : 54 sleep:0
I/ActivityManager(  495): Start proc com.android.calendar for broadcast com.android.calendar/.alerts.AlertReceiver: pid=1033 uid=10018 gids={50018, 3003}
E/fastiva ( 1033): dddd: 1-44 Lcom/android/internal/os/ZygoteInit$MethodAndArgsCaller;
E/fastiva ( 1033): dddd_break thread: 1 at : 54 sleep:0
E/fastiva ( 1033): dddd: 1-45 Lcom/android/internal/os/ZygoteInit$MethodAndArgsCaller;
E/fastiva ( 1033): dddd_break thread: 1 at : 54 sleep:0
I/PackageManager(  495): Running dexopt on: com.android.calendar
D/fastiva ( 1045): $$$ optimizing (/system/app/Calendar.apk, isb=0)
D/fastiva ( 1045): DexOpt: load 41ms, verify+opt 361ms, 2365956 bytes
D/fastiva ( 1033): Opening DEX file '/system/app/Calendar.apk' (Jar)
E/fastiva ( 1033): dddd_break thread: 1 at : 54 sleep:0
E/fastiva ( 1033): dddd: 1-46 Llibcore/io/ErrnoException;
E/fastiva ( 1033): stat failed: ENOENT (No such file or directory)
E/fastiva ( 1033): dddd_break thread: 1 at : 54 sleep:0
E/fastiva ( 1033): dddd: 1-47 Llibcore/io/ErrnoException;
E/fastiva ( 1033): open failed: ENOENT (No such file or directory)
E/fastiva ( 1033): dddd_break thread: 1 at : 54 sleep:0
E/fastiva ( 1033): dddd: 1-48 Ljava/io/FileNotFoundException;
E/fastiva ( 1033): /etc/timezone: open failed: ENOENT (No such file or directory)
E/fastiva ( 1033): dddd_break thread: 1 at : 54 sleep:0
E/fastiva ( 1033): dddd: 1-49 Ljava/io/FileNotFoundException;
E/fastiva ( 1033): /etc/timezone: open failed: ENOENT (No such file or directory)
E/fastiva ( 1033): dddd_break thread: 1 at : 54 sleep:0
E/fastiva ( 1033): dddd: 10-0 Llibcore/io/ErrnoException;
E/fastiva ( 1033): access failed: ENOENT (No such file or directory)
E/fastiva ( 1033): dddd_break thread: 1 at : 54 sleep:0
E/fastiva ( 1033): dddd: 10-0 Llibcore/io/ErrnoException;
E/fastiva ( 1033): access failed: ENOENT (No such file or directory)
E/fastiva ( 1033): dddd_break thread: 1 at : 54 sleep:0
E/fastiva ( 1033): dddd: 1-50 Ljava/io/FileNotFoundException;
E/fastiva ( 1033): calendar_extensions.properties
E/fastiva ( 1033): dddd_break thread: 1 at : 54 sleep:0
E/fastiva ( 1033): dddd: 1-51 Ljava/io/FileNotFoundException;
E/fastiva ( 1033): calendar_extensions.properties
E/fastiva ( 1033): dddd_break thread: 1 at : 54 sleep:0
D/ExtensionsFactory( 1033): No custom extensions.
D/AlertReceiver( 1033): onReceive: a=android.intent.action.BOOT_COMPLETED Intent { act=android.intent.action.BOOT_COMPLETED flg=0x8000010 cmp=com.android.calendar/.alerts.AlertReceiver (has extras) }
E/fastiva (  123): dddd: 2-0 Ljava/lang/InterruptedException;
E/fastiva (  123): dddd_break thread: 1 at : 54 sleep:0
E/fastiva (  123): dddd: 3-0 Ljava/lang/InterruptedException;
E/fastiva (  123): dddd_break thread: 1 at : 54 sleep:0
E/fastiva (  123): dddd: 4-0 Ljava/lang/InterruptedException;
E/fastiva (  123): dddd_break thread: 1 at : 54 sleep:0
E/fastiva ( 1033): dddd: 13-0 Llibcore/io/ErrnoException;
E/fastiva ( 1033): access failed: ENOENT (No such file or directory)
E/fastiva ( 1033): dddd_break thread: 1 at : 54 sleep:0
D/AlertService( 1033): 0 Action = android.intent.action.BOOT_COMPLETED
I/ActivityManager(  495): Start proc com.android.deskclock for broadcast com.android.deskclock/.AlarmInitReceiver: pid=1054 uid=10021 gids={50021, 1028}
D/AlertService( 1033): Scheduling next alarm with AlarmScheduler. sEventReminderReceived: null
E/fastiva ( 1054): dddd: 1-44 Lcom/android/internal/os/ZygoteInit$MethodAndArgsCaller;
E/fastiva ( 1054): dddd_break thread: 1 at : 54 sleep:0
E/fastiva ( 1054): dddd: 1-45 Lcom/android/internal/os/ZygoteInit$MethodAndArgsCaller;
E/fastiva ( 1054): dddd_break thread: 1 at : 54 sleep:0
I/PackageManager(  495): Running dexopt on: com.android.deskclock
D/fastiva ( 1067): $$$ optimizing (/system/app/DeskClock.apk, isb=0)
D/fastiva ( 1067): DexOpt: load 28ms, verify+opt 197ms, 2190228 bytes
D/AlarmScheduler( 1033): No events found starting within 1 week.
D/fastiva ( 1054): Opening DEX file '/system/app/DeskClock.apk' (Jar)
E/fastiva ( 1054): dddd_break thread: 1 at : 54 sleep:0
E/fastiva ( 1054): dddd: 1-46 Llibcore/io/ErrnoException;
E/fastiva ( 1054): stat failed: ENOENT (No such file or directory)
E/fastiva ( 1054): dddd_break thread: 1 at : 54 sleep:0
V/AlarmClock( 1054): AlarmInitReceiver android.intent.action.BOOT_COMPLETED
V/AlarmClock( 1054): AlarmInitReceiver - Reset timers and clear stopwatch data
E/fastiva ( 1054): dddd: 11-0 Llibcore/io/ErrnoException;
E/fastiva ( 1054): access failed: ENOENT (No such file or directory)
E/fastiva ( 1054): dddd_break thread: 1 at : 54 sleep:0
I/AlarmClock( 1054): Displaying next alarm time: ''
V/AlarmClock( 1054): AlarmInitReceiver finished
E/fastiva (  123): dddd: 2-0 Ljava/lang/InterruptedException;
E/fastiva (  123): dddd_break thread: 1 at : 54 sleep:0
E/fastiva (  123): dddd: 3-0 Ljava/lang/InterruptedException;
E/fastiva (  123): dddd_break thread: 1 at : 54 sleep:0
E/fastiva (  123): dddd: 4-0 Ljava/lang/InterruptedException;
E/fastiva (  123): dddd_break thread: 1 at : 54 sleep:0
I/ActivityManager(  495): Start proc com.android.email for broadcast com.android.email/.service.EmailBroadcastReceiver: pid=1071 uid=10024 gids={50024, 3003, 1028, 1015}
E/fastiva ( 1071): dddd: 1-44 Lcom/android/internal/os/ZygoteInit$MethodAndArgsCaller;
E/fastiva ( 1071): dddd_break thread: 1 at : 54 sleep:0
E/fastiva ( 1071): dddd: 1-45 Lcom/android/internal/os/ZygoteInit$MethodAndArgsCaller;
E/fastiva ( 1071): dddd_break thread: 1 at : 54 sleep:0
I/PackageManager(  495): Running dexopt on: com.android.email
D/fastiva ( 1083): $$$ optimizing (/system/app/Email.apk, isb=0)
D/fastiva ( 1083): DexOpt: load 283ms, verify+opt 1335ms, 4563828 bytes
D/fastiva ( 1071): Opening DEX file '/system/app/Email.apk' (Jar)
E/fastiva ( 1071): dddd_break thread: 1 at : 54 sleep:0
E/fastiva ( 1071): dddd: 1-46 Llibcore/io/ErrnoException;
E/fastiva ( 1071): stat failed: ENOENT (No such file or directory)
E/fastiva ( 1071): dddd_break thread: 1 at : 54 sleep:0
E/fastiva ( 1071): dddd: 10-0 Llibcore/io/ErrnoException;
E/fastiva ( 1071): access failed: ENOENT (No such file or directory)
E/fastiva ( 1071): dddd_break thread: 1 at : 54 sleep:0
D/ActivityThread( 1071): Loading provider com.android.email.provider;com.android.email.notifier: com.android.email.provider.EmailProvider
D/ActivityThread( 1071): Loading provider com.android.email.provider;com.android.email.notifier: com.android.email.provider.EmailProvider
E/fastiva ( 1071): dddd: 15-0 Llibcore/io/ErrnoException;
E/fastiva ( 1071): access failed: ENOENT (No such file or directory)
E/fastiva ( 1071): dddd_break thread: 1 at : 54 sleep:0
I/ActivityManager(  495): Delay finish: com.android.email/.service.EmailBroadcastReceiver
D/fastiva ( 1071): fastiva_dvmScanStatic done
D/fastiva ( 1071): GC_CONCURRENT freed 256K, 15% free 2307K/2712K, paused 1ms+37ms, total 79ms
E/fastiva (  123): dddd: 2-0 Ljava/lang/InterruptedException;
E/fastiva (  123): dddd_break thread: 1 at : 54 sleep:0
E/fastiva (  123): dddd: 3-0 Ljava/lang/InterruptedException;
E/fastiva (  123): dddd_break thread: 1 at : 54 sleep:0
E/fastiva (  123): dddd: 4-0 Ljava/lang/InterruptedException;
E/fastiva (  123): dddd_break thread: 1 at : 54 sleep:0
I/ActivityManager(  495): Delaying start of: ServiceRecord{4588e848 u0 com.android.exchange/.service.EmailSyncAdapterService}
I/ActivityManager(  495): Start proc com.android.exchange for service com.android.exchange/.service.EmailSyncAdapterService: pid=1099 uid=10025 gids={50025, 3003, 1028, 1015}
E/fastiva ( 1099): dddd: 1-44 Lcom/android/internal/os/ZygoteInit$MethodAndArgsCaller;
E/fastiva ( 1099): dddd_break thread: 1 at : 54 sleep:0
E/fastiva ( 1099): dddd: 1-45 Lcom/android/internal/os/ZygoteInit$MethodAndArgsCaller;
E/fastiva ( 1099): dddd_break thread: 1 at : 54 sleep:0
I/PackageManager(  495): Running dexopt on: com.android.exchange
D/fastiva ( 1111): $$$ optimizing (/system/app/Exchange2.apk, isb=0)
D/fastiva ( 1111): DexOpt: load 152ms, verify+opt 749ms, 3280436 bytes
W/ActivityManager(  495): Unable to start service Intent { cmp=com.android.email/.service.AttachmentDownloadService } U=0: not found
W/ActivityManager(  495): Unable to start service Intent { cmp=com.android.email/.service.AttachmentDownloadService } U=0: not found
W/ActivityManager(  495): Unable to start service Intent { cmp=com.android.email/.service.AttachmentDownloadService } U=0: not found
I/Email   ( 1071): Observing account changes for notifications
D/fastiva ( 1099): Opening DEX file '/system/app/Exchange2.apk' (Jar)
E/fastiva ( 1099): dddd_break thread: 1 at : 54 sleep:0
E/fastiva ( 1099): dddd: 1-46 Llibcore/io/ErrnoException;
E/fastiva ( 1099): stat failed: ENOENT (No such file or directory)
E/fastiva ( 1099): dddd_break thread: 1 at : 54 sleep:0
I/LauncherIconVisibilityManager(  729): Boot has been completed
I/LauncherIconVisibilityManager(  729): Activity has already been disabled: ComponentInfo{com.android.inputmethod.latin/com.android.inputmethod.latin.setup.SetupActivity}
I/ActivityManager(  495): Resuming delayed broadcast
D/BluetoothAdapter(  674): 1164163936: getState() :  mService = null. Returning STATE_OFF
D/AlertReceiver( 1033): onReceive: a=android.intent.action.PROVIDER_CHANGED Intent { act=android.intent.action.PROVIDER_CHANGED dat=content://com.android.calendar flg=0x10 cmp=com.android.calendar/.alerts.AlertReceiver }
D/AlertService( 1033): 0 Action = android.intent.action.PROVIDER_CHANGED
I/ActivityManager(  495): Delay finish: com.android.calendar/.alerts.AlertReceiver
I/PowerManagerService(  495): Going to sleep due to screen timeout...
V/KeyguardServiceDelegate(  495): onScreenTurnedOn(showListener = com.android.internal.policy.impl.PhoneWindowManager$17@4586cd58)
D/SurfaceFlinger(  122): Screen released, type=0 flinger=0x4094c008
D/hwcomposer(  122): hwc_blank: display 0: blank
D/hwcomposer(  122): hwc_blank_display: display 0: [0 -> 1]
D/hwcomposer(  122): hwc_blank_display: releasing buffer 0x22
D/hwcomposer(  122): dc_blank: display 0, [0 -> 1]
V/KeyguardServiceDelegate(  495): **** SHOWN CALLED ****
I/WindowManager(  495): Lock screen displayed!
D/NfcService(  782): NFC-C OFF
W/fastiva (  782): JNI WARNING: DeleteLocalRef(0x4563d740) failed to find entry
I/WindowManager(  495): Screenshot max retries 4 of Token{458c73e0 ActivityRecord{458c71f8 u0 com.android.launcher/com.android.launcher2.Launcher t1}} appWin=Window{458791f0 u0 com.android.launcher/com.android.launcher2.Launcher} drawState=4
W/WindowManager(  495): Screenshot failure taking screenshot for (800x1280) to layer 21000
E/fastiva (  600): dddd: 1-57 Ljava/lang/RuntimeException;
E/fastiva (  600): Binary XML file line #53: You must supply a layout_width attribute.
E/fastiva (  600): dddd_break thread: 1 at : 54 sleep:0
D/mterp   (  600): Exception Ljava/lang/RuntimeException; from MultiPaneChallengeLayout.java:506 not caught locally
E/fastiva (  600): dddd: 1-58 Ljava/lang/RuntimeException;
E/fastiva (  600): Binary XML file line #53: You must supply a layout_width attribute.
E/fastiva (  600): dddd_break thread: 1 at : 54 sleep:0
E/fastiva (  600): dddd: 1-59 Ljava/lang/RuntimeException;
E/fastiva (  600): Binary XML file line #57: You must supply a layout_width attribute.
E/fastiva (  600): dddd_break thread: 1 at : 54 sleep:0
V/KeyguardHostView(  600): music state changed: 0
D/fastiva (  495): marking LocationProviderBase 30401, 25543
D/fastiva (  495): fastiva_dvmScanStatic done
D/fastiva (  495): GC_CONCURRENT freed 480K, 13% free 4726K/5376K, paused 2ms+79ms, total 241ms
D/fastiva (  495): WAIT_FOR_CONCURRENT_GC blocked 232ms
I/Choreographer(  600): Skipped 41 frames!  The application may be doing too much work on its main thread.
I/ActivityManager(  495): Waited long enough for: ServiceRecord{458a9bc8 u0 com.android.music/.MediaPlaybackService}
I/ActivityManager(  495): Resuming delayed broadcast
I/ActivityManager(  495): Delay finish: com.android.providers.calendar/.CalendarProviderBroadcastReceiver
I/ActivityManager(  495): Resuming delayed broadcast
I/GlobalDismissManager( 1033): no sender configured
D/AlertService( 1033): Beginning updateAlertNotification
D/AlertService( 1033): No fired or scheduled alerts
D/AlertService( 1033): Scheduling next alarm with AlarmScheduler. sEventReminderReceived: null
D/AlarmScheduler( 1033): No events found starting within 1 week.
I/ActivityManager(  495): Waited long enough for: ServiceRecord{4586bd40 u0 com.android.calendar/.alerts.InitAlarmsService}
I/PowerManagerService(  495): Waking up from sleep...
V/KeyguardServiceDelegate(  495): onScreenTurnedOn(showListener = com.android.internal.policy.impl.PhoneWindowManager$17@458cadd0)
V/KeyguardServiceDelegate(  495): **** SHOWN CALLED ****
I/WindowManager(  495): Lock screen displayed!
D/PowerManagerService-JNI(  495): Excessive delay in autosuspend_disable() while turning screen on: 421ms
D/SurfaceFlinger(  122): Screen acquired, type=0 flinger=0x4094c008
D/hwcomposer(  122): hwc_blank: display 0: unblank
D/hwcomposer(  122): hwc_blank_display: display 0: [1 -> 0]
D/hwcomposer(  122): Display 0 is 800 x 1280
D/hwcomposer(  122): dc_blank: display 0, [1 -> 0]
I/AudioMixer(  125): found effect "Multichannel Downmix To Stereo" from The Android Open Source Project
D/NfcService(  782): NFC-C ON
W/fastiva (  782): JNI WARNING: DeleteLocalRef(0x4563d740) failed to find entry
D/PhoneStatusBar(  600): disable: < expand icons alerts ticker system_info back* home* recent* clock* search* >
I/ActivityManager(  495): START u0 {act=android.intent.action.MAIN cat=[android.intent.category.LAUNCHER] flg=0x10200000 cmp=com.android.browser/.BrowserActivity bnds=[574,1103][667,1196]} from pid 795
D/PermissionCache(  122): checking android.permission.READ_FRAME_BUFFER for uid=1000 => granted (167 us)
D/fastiva (  495): marking LocationProviderBase 30401, 25543
D/fastiva (  495): fastiva_dvmScanStatic done
D/fastiva (  495): GC_FOR_ALLOC freed 448K, 14% free 4795K/5520K, paused 144ms, total 144ms
I/fastiva-heap(  495): Grow heap (frag case) to 5.069MB for 251128-byte allocation
D/fastiva (  495): marking LocationProviderBase 30401, 25543
D/fastiva (  495): fastiva_dvmScanStatic done
D/fastiva (  495): GC_FOR_ALLOC freed 26K, 14% free 5013K/5768K, paused 130ms, total 130ms
D/fastiva (  495): marking LocationProviderBase 30401, 25543
D/fastiva (  495): fastiva_dvmScanStatic done
