I/BackupManagerService(  495):   com.android.providers.userdictionary
I/BackupManagerService(  495):   com.android.sharedstoragebackup
I/BackupManagerService(  495):   android
E/fastiva (  495): dddd: 1-178 Ljava/io/EOFException;
E/fastiva (  495): dddd_break thread: 1 at : 54 sleep:0
I/BackupManagerService(  495):   com.android.providers.settings
I/BackupManagerService(  495): Backup enabled => false
I/BackupManagerService(  495): Opting out of backup
I/SystemServer(  495): AppWidget Service
I/SystemServer(  495): Recognition Service
I/SystemServer(  495): DiskStats Service
I/SystemServer(  495): SamplingProfiler Service
D/Atlas   (  495): Loaded configuration: SliceMinArea (768x768) flags=0x2 count=25
I/SystemServer(  495): NetworkTimeUpdateService
I/SystemServer(  495): CommonTimeManagementService
I/SystemServer(  495): CertBlacklister
I/SystemServer(  495): Dreams Service
I/SystemServer(  495): Assets Atlas Service
I/SystemServer(  495): IdleMaintenanceService
I/SystemServer(  495): Print Service
I/WindowManager(  495): SAFE MODE not enabled
E/fastiva (  495): dddd: 1-179 Ljava/lang/NumberFormatException;
E/fastiva (  495): Invalid int: "null"
E/fastiva (  495): dddd_break thread: 1 at : 54 sleep:0
E/fastiva (  495): dddd: 1-180 Landroid/provider/Settings$SettingNotFoundException;
E/fastiva (  495): vibrate_input_devices
E/fastiva (  495): dddd_break thread: 1 at : 54 sleep:0
D/libEGL  (  495): loaded /system/lib/egl/libEGL_tegra.so
E/fastiva (  495): dddd: 1-181 Llibcore/io/ErrnoException;
E/fastiva (  495): access failed: ENOENT (No such file or directory)
E/fastiva (  495): dddd_break thread: 1 at : 54 sleep:0
E/fastiva (  495): dddd: 1-182 Llibcore/io/ErrnoException;
E/fastiva (  495): access failed: ENOENT (No such file or directory)
E/fastiva (  495): dddd_break thread: 1 at : 54 sleep:0
E/fastiva (  495): dddd: 1-183 Llibcore/io/ErrnoException;
E/fastiva (  495): open failed: ENOENT (No such file or directory)
E/fastiva (  495): dddd_break thread: 1 at : 54 sleep:0
E/fastiva (  495): dddd: 1-184 Ljava/io/FileNotFoundException;
E/fastiva (  495): /data/system/device_policies.xml: open failed: ENOENT (No such file or directory)
E/fastiva (  495): dddd_break thread: 1 at : 54 sleep:0
D/libEGL  (  495): loaded /system/lib/egl/libGLESv1_CM_tegra.so
E/fastiva (  495): dddd: 1-185 Llibcore/io/ErrnoException;
E/fastiva (  495): access failed: ENOENT (No such file or directory)
E/fastiva (  495): dddd_break thread: 1 at : 54 sleep:0
E/fastiva (  495): dddd: 1-186 Llibcore/io/ErrnoException;
E/fastiva (  495): access failed: ENOENT (No such file or directory)
E/fastiva (  495): dddd_break thread: 1 at : 54 sleep:0
E/fastiva (  495): dddd: 1-187 Llibcore/io/ErrnoException;
E/fastiva (  495): open failed: ENOENT (No such file or directory)
E/fastiva (  495): dddd_break thread: 1 at : 54 sleep:0
E/fastiva (  495): dddd: 1-188 Ljava/io/FileNotFoundException;
E/fastiva (  495): /data/system/device_policies.xml: open failed: ENOENT (No such file or directory)
E/fastiva (  495): dddd_break thread: 1 at : 54 sleep:0
E/fastiva (  495): dddd: 1-189 Llibcore/io/ErrnoException;
E/fastiva (  495): access failed: ENOENT (No such file or directory)
E/fastiva (  495): dddd_break thread: 1 at : 54 sleep:0
D/libEGL  (  495): loaded /system/lib/egl/libGLESv2_tegra.so
I/Zygote  (  495): Process: zygote socket opened
E/fastiva (  123): dddd: 2-0 Ljava/lang/InterruptedException;
E/fastiva (  123): dddd_break thread: 1 at : 54 sleep:0
E/fastiva (  123): dddd: 3-0 Ljava/lang/InterruptedException;
E/fastiva (  123): dddd_break thread: 1 at : 54 sleep:0
E/fastiva (  123): dddd: 4-0 Ljava/lang/InterruptedException;
E/fastiva (  123): dddd_break thread: 1 at : 54 sleep:0
V/KeyguardServiceDelegate(  495): *** Keyguard started
V/KeyguardServiceDelegate(  495): onSystemReady() called before keyguard service was ready
I/ActivityManager(  495): Start proc com.android.systemui for service com.android.keyguard/.KeyguardService: pid=600 uid=10006 gids={50006, 1028, 1015, 1035, 3002, 3001}
E/fastiva (  495): dddd: 1-190 Llibcore/io/ErrnoException;
E/fastiva (  495): access failed: ENOENT (No such file or directory)
E/fastiva (  495): dddd_break thread: 1 at : 54 sleep:0
D/WifiController(  495): DEFERRED_TOGGLE handled
D/SoftapController(  120): Softap fwReload - Ok
D/CommandListener(  120): Setting iface cfg
D/CommandListener(  120): Trying to bring down wlan0
E/fastiva (  600): dddd: 1-44 Lcom/android/internal/os/ZygoteInit$MethodAndArgsCaller;
E/fastiva (  600): dddd_break thread: 1 at : 54 sleep:0
E/fastiva (  600): dddd: 1-45 Lcom/android/internal/os/ZygoteInit$MethodAndArgsCaller;
E/fastiva (  495): dddd: 1-191 Landroid/content/pm/PackageManager$NameNotFoundException;
E/fastiva (  495): media
E/fastiva (  495): dddd_break thread: 1 at : 54 sleep:0
E/fastiva (  600): dddd_break thread: 1 at : 54 sleep:0
E/fastiva (  495): dddd: 1-192 Llibcore/io/ErrnoException;
E/fastiva (  495): access failed: ENOENT (No such file or directory)
E/fastiva (  495): dddd_break thread: 1 at : 54 sleep:0
E/fastiva (  495): dddd: 1-193 Llibcore/io/ErrnoException;
E/fastiva (  495): open failed: ENOENT (No such file or directory)
E/fastiva (  495): dddd_break thread: 1 at : 54 sleep:0
E/fastiva (  495): dddd: 1-194 Ljava/io/FileNotFoundException;
E/fastiva (  495): /data/system/urigrants.xml: open failed: ENOENT (No such file or directory)
E/fastiva (  495): dddd_break thread: 1 at : 54 sleep:0
I/AppOps  (  495): Pruning old package media/1013: new uid=-1
I/ActivityManager(  495): System now ready
I/SystemServer(  495): Making services ready
D/NetworkManagementService(  495): enabling bandwidth control
W/MountService(  495): Duplicate state transition (mounted -> mounted) for /storage/emulated/0
I/PackageManager(  495): Running dexopt on: com.android.keyguard
I/wpa_supplicant(  618): Successfully initialized wpa_supplicant
I/wpa_supplicant(  618): rfkill: Cannot open RFKILL control device
D/Atlas   (  495): Rendered atlas in 174.80ms (1.53+173.27ms)
E/fastiva (  495): dddd: 1-195 Llibcore/io/ErrnoException;
E/fastiva (  495): mkdir failed: EEXIST (File exists)
E/fastiva (  495): dddd_break thread: 1 at : 54 sleep:0
E/fastiva (  495): dddd: 1-196 Llibcore/io/ErrnoException;
E/fastiva (  495): mkdir failed: EEXIST (File exists)
E/fastiva (  495): dddd_break thread: 1 at : 54 sleep:0
E/fastiva (  495): dddd: 1-197 Llibcore/io/ErrnoException;
E/fastiva (  495): mkdir failed: EEXIST (File exists)
E/fastiva (  495): dddd_break thread: 1 at : 54 sleep:0
E/fastiva (  495): dddd: 1-198 Llibcore/io/ErrnoException;
E/fastiva (  495): mkdir failed: EEXIST (File exists)
E/fastiva (  495): dddd_break thread: 1 at : 54 sleep:0
E/fastiva (  495): dddd: 1-199 Llibcore/io/ErrnoException;
E/fastiva (  495): access failed: ENOENT (No such file or directory)
E/fastiva (  495): dddd_break thread: 1 at : 54 sleep:0
E/fastiva (  495): dddd: 1-200 Llibcore/io/ErrnoException;
E/fastiva (  495): access failed: ENOENT (No such file or directory)
E/fastiva (  495): dddd_break thread: 1 at : 54 sleep:0
E/fastiva (  495): dddd: 1-201 Llibcore/io/ErrnoException;
E/fastiva (  495): access failed: ENOENT (No such file or directory)
E/fastiva (  495): dddd_break thread: 1 at : 54 sleep:0
D/fastiva (  619): $$$ optimizing (/system/priv-app/Keyguard.apk, isb=0)
D/fastiva (  619): DexOpt: load 33ms, verify+opt 128ms, 2150556 bytes
D/fastiva (  495): thread(32)[583]: locked by (20)
I/PackageManager(  495): Running dexopt on: com.android.systemui
I/wpa_supplicant(  618): rfkill: Cannot open RFKILL control device
D/fastiva (  495): fastiva_dvmScanStatic done
D/fastiva (  495): thread(1)[495]: locked by (20)
D/fastiva (  495): GC_CONCURRENT freed 252K, 10% free 4124K/4540K, paused 1ms+51ms, total 140ms
D/fastiva (  659): $$$ optimizing (/system/priv-app/SystemUI.apk, isb=0)
D/fastiva (  659): DexOpt: load 31ms, verify+opt 179ms, 2230844 bytes
D/fastiva (  600): Opening DEX file '/system/priv-app/Keyguard.apk' (Jar)
E/fastiva (  600): dddd_break thread: 1 at : 54 sleep:0
E/fastiva (  600): dddd: 1-46 Llibcore/io/ErrnoException;
E/fastiva (  600): stat failed: ENOENT (No such file or directory)
E/fastiva (  600): dddd_break thread: 1 at : 54 sleep:0
E/fastiva (  600): dddd: 1-47 Llibcore/io/ErrnoException;
E/fastiva (  600): open failed: ENOENT (No such file or directory)
E/fastiva (  600): dddd_break thread: 1 at : 54 sleep:0
V/KeyguardService(  600): onCreate()
D/fastiva (  600): Opening DEX file '/system/priv-app/SystemUI.apk' (Jar)
E/fastiva (  600): dddd_break thread: 1 at : 54 sleep:0
E/fastiva (  600): dddd: 1-48 Llibcore/io/ErrnoException;
E/fastiva (  600): stat failed: ENOENT (No such file or directory)
E/fastiva (  600): dddd_break thread: 1 at : 54 sleep:0
D/SystemUIService(  600): loading: class com.android.systemui.recent.Recents
D/SystemUIService(  600): running: com.android.systemui.recent.Recents@45644110
D/SystemUIService(  600): loading: class com.android.systemui.statusbar.SystemBars
D/SystemUIService(  600): running: com.android.systemui.statusbar.SystemBars@456447d8
D/SystemUIService(  600): loading: class com.android.systemui.usb.StorageNotification
D/SystemUIService(  600): running: com.android.systemui.usb.StorageNotification@456467c0
D/SystemUIService(  600): loading: class com.android.systemui.power.PowerUI
D/SystemUIService(  600): running: com.android.systemui.power.PowerUI@456480d8
D/SystemUIService(  600): loading: class com.android.systemui.media.RingtonePlayer
D/SystemUIService(  600): running: com.android.systemui.media.RingtonePlayer@45649350
D/SystemUIService(  600): loading: class com.android.systemui.settings.SettingsUI
D/SystemUIService(  600): running: com.android.systemui.settings.SettingsUI@4564a590
D/NvOsDebugPrintf(  125): NvxLiteH264DecoderInit : Opening TVMR H264 block 
D/NvOsDebugPrintf(  125): NvxLiteH264DecoderInit : Opening TVMR H264 block 
I/StatusBarManagerService(  495): registerStatusBar bar=com.android.internal.statusbar.IStatusBar$Stub$Proxy@45757098
D/PhoneStatusBar(  600): mSettingsPanelGravity = 8388661
E/fastiva (  495): dddd: 9-2 Landroid/content/pm/PackageManager$NameNotFoundException;
E/fastiva (  495): media
E/fastiva (  495): dddd_break thread: 1 at : 54 sleep:0
D/fastiva (  495): thread(12)[509]: locked by (20)
D/fastiva (  495): thread(32)[583]: locked by (20)
D/WifiMonitor(  495): startMonitoring(wlan0) with mConnected = false
E/fastiva (  123): dddd: 2-0 Ljava/lang/InterruptedException;
E/fastiva (  123): dddd_break thread: 1 at : 54 sleep:0
E/fastiva (  123): dddd: 3-0 Ljava/lang/InterruptedException;
E/fastiva (  123): dddd_break thread: 1 at : 54 sleep:0
E/fastiva (  123): dddd: 4-0 Ljava/lang/InterruptedException;
E/fastiva (  123): dddd_break thread: 1 at : 54 sleep:0
I/ActivityManager(  495): Start proc com.android.settings for broadcast com.android.settings/.widget.SettingsAppWidgetProvider: pid=674 uid=1000 gids={41000, 1028, 1015, 3002, 3001, 3003}
D/WifiConfigStore(  495): Loading config and enabling all networks
E/fastiva (  495): dddd: 32-0 Llibcore/io/ErrnoException;
E/fastiva (  495): open failed: ENOENT (No such file or directory)
E/fastiva (  495): dddd_break thread: 1 at : 54 sleep:0
E/fastiva (  495): dddd: 32-1 Ljava/io/FileNotFoundException;
E/fastiva (  495): /data/misc/wifi/ipconfig.txt: open failed: ENOENT (No such file or directory)
E/fastiva (  495): dddd_break thread: 1 at : 54 sleep:0
E/WifiConfigStore(  495): Error parsing configurationjava.io.FileNotFoundException: /data/misc/wifi/ipconfig.txt: open failed: ENOENT (No such file or directory)
D/CommandListener(  120): Setting iface cfg
E/fastiva (  674): dddd: 1-44 Lcom/android/internal/os/ZygoteInit$MethodAndArgsCaller;
E/fastiva (  674): dddd_break thread: 1 at : 54 sleep:0
E/fastiva (  674): dddd: 1-45 Lcom/android/internal/os/ZygoteInit$MethodAndArgsCaller;
E/fastiva (  674): dddd_break thread: 1 at : 54 sleep:0
I/PackageManager(  495): Running dexopt on: com.android.settings
D/CommandListener(  120): Trying to bring up p2p0
D/WifiMonitor(  495): startMonitoring(p2p0) with mConnected = true
D/fastiva (  600): fastiva_dvmScanStatic done
D/fastiva (  600): GC_CONCURRENT freed 145K, 11% free 2420K/2708K, paused 1ms+57ms, total 100ms
D/fastiva (  600): WAIT_FOR_CONCURRENT_GC blocked 2ms
I/fastiva-heap(  600): Grow heap (frag case) to 2.975MB for 500424-byte allocation
D/fastiva (  495): thread(1)[495]: locked by (20)
D/fastiva (  600): fastiva_dvmScanStatic done
D/fastiva (  600): GC_CONCURRENT freed 5K, 10% free 2903K/3200K, paused 3ms+45ms, total 91ms
D/fastiva (  600): WAIT_FOR_CONCURRENT_GC blocked 79ms
D/fastiva (  686): $$$ optimizing (/system/priv-app/Settings.apk, isb=0)
D/fastiva (  686): DexOpt: load 90ms, verify+opt 552ms, 2968180 bytes
D/fastiva (  674): Opening DEX file '/system/priv-app/Settings.apk' (Jar)
E/fastiva (  674): dddd_break thread: 1 at : 54 sleep:0
E/fastiva (  674): dddd: 1-46 Llibcore/io/ErrnoException;
E/fastiva (  674): stat failed: ENOENT (No such file or directory)
E/fastiva (  674): dddd_break thread: 1 at : 54 sleep:0
E/fastiva (  495): dddd: 1-202 Llibcore/io/ErrnoException;
E/fastiva (  495): access failed: ENOENT (No such file or directory)
E/fastiva (  495): dddd_break thread: 1 at : 54 sleep:0
E/fastiva (  495): dddd: 1-203 Llibcore/io/ErrnoException;
E/fastiva (  495): open failed: ENOENT (No such file or directory)
E/fastiva (  495): dddd_break thread: 1 at : 54 sleep:0
E/fastiva (  495): dddd: 1-204 Ljava/io/FileNotFoundException;
E/fastiva (  495): /data/system/netpolicy.xml: open failed: ENOENT (No such file or directory)
E/fastiva (  495): dddd_break thread: 1 at : 54 sleep:0
D/BluetoothManagerService(  495): Message: 20
D/BluetoothManagerService(  495): Added callback: android.bluetooth.IBluetoothManagerCallback$Stub$Proxy@45623b38:true
D/BluetoothAdapter(  674): 1164163936: getState() :  mService = null. Returning STATE_OFF
D/BluetoothManagerService(  495): Message: 30
D/BluetoothManagerService(  495): Message: 30
D/LocalBluetoothProfileManager(  674): Adding local MAP profile
D/BluetoothMap(  674): Create BluetoothMap proxy object
D/BluetoothManagerService(  495): Message: 30
W/ContextImpl(  674): Calling a method in the system process without a qualified user: com.android.settings.bluetooth.LocalBluetoothManager.getInstance:59 com.android.settings.widget.SettingsAppWidgetProvider$BluetoothStateTracker.getActualState:451 com.android.settings.widget.SettingsAppWidgetProvider$StateTracker.getTriState:324 com.android.settings.widget.SettingsAppWidgetProvider$StateTracker.setImageViewResources:203 com.android.settings.widget.SettingsAppWidgetProvider.updateButtons:722 
W/ContextImpl(  674): Calling a method in the system process without a qualified user: com.android.settings.widget.SettingsAppWidgetProvider$BluetoothStateTracker.getActualState:451 com.android.settings.widget.SettingsAppWidgetProvider$StateTracker.getTriState:324 com.android.settings.widget.SettingsAppWidgetProvider$StateTracker.setImageViewResources:203 com.android.settings.widget.SettingsAppWidgetProvider.updateButtons:722 com.android.settings.widget.SettingsAppWidgetProvider.buildUpdate:697 
E/BluetoothMap(  674): Could not bind to Bluetooth MAP Service with Intent { act=android.bluetooth.IBluetoothMap }
D/BluetoothManagerService(  495): Message: 30
D/LocalBluetoothProfileManager(  674): LocalBluetoothProfileManager construction complete
D/BluetoothAdapter(  674): 1164163936: getState() :  mService = null. Returning STATE_OFF
D/BluetoothAdapter(  674): 1164163936: getState() :  mService = null. Returning STATE_OFF
W/ContextImpl(  674): Calling a method in the system process without a qualified user: com.android.settings.widget.SettingsAppWidgetProvider$BluetoothStateTracker.getActualState:451 com.android.settings.widget.SettingsAppWidgetProvider$StateTracker.getTriState:324 com.android.settings.widget.SettingsAppWidgetProvider$StateTracker.setImageViewResources:203 com.android.settings.widget.SettingsAppWidgetProvider.updateButtons:722 com.android.settings.widget.SettingsAppWidgetProvider.buildUpdate:697 
I/ActivityManager(  495): Config changes=200 {1.0 ?mcc?mnc en_US ldltr sw600dp w600dp h880dp 213dpi lrg port finger -keyb/v/h -nav/h s.4}
E/fastiva (  495): dddd: 20-1 Llibcore/io/ErrnoException;
E/fastiva (  495): access failed: ENOENT (No such file or directory)
E/fastiva (  495): dddd_break thread: 1 at : 54 sleep:0
D/fastiva (  600): fastiva_dvmScanStatic done
D/fastiva (  600): GC_CONCURRENT freed 19K, 8% free 3290K/3548K, paused 1ms+43ms, total 94ms
D/fastiva (  600): WAIT_FOR_CONCURRENT_GC blocked 85ms
W/RecognitionManagerService(  495): no available voice recognition services found for user 0
V/PhoneStatusBar/NavigationBarView(  600): touchEnabled:false
D/fastiva (  495): fastiva_dvmScanStatic done
D/fastiva (  495): GC_CONCURRENT freed 363K, 11% free 4262K/4788K, paused 1ms+43ms, total 131ms
D/fastiva (  495): WAIT_FOR_CONCURRENT_GC blocked 110ms
D/fastiva (  495): WAIT_FOR_CONCURRENT_GC blocked 109ms
D/fastiva (  495): WAIT_FOR_CONCURRENT_GC blocked 96ms
D/fastiva (  495): WAIT_FOR_CONCURRENT_GC blocked 119ms
D/BluetoothManagerService(  495): Message: 20
D/BluetoothAdapter(  600): 1165509472: getState() :  mService = null. Returning STATE_OFF
D/BluetoothManagerService(  495): Added callback: android.bluetooth.IBluetoothManagerCallback$Stub$Proxy@45727178:true
D/BluetoothAdapter(  600): 1165509472: getState() :  mService = null. Returning STATE_OFF
D/BluetoothAdapter(  674): 1164163936: getState() :  mService = null. Returning STATE_OFF
E/fastiva (  123): dddd: 2-0 Ljava/lang/InterruptedException;
E/fastiva (  123): dddd_break thread: 1 at : 54 sleep:0
E/fastiva (  123): dddd: 3-0 Ljava/lang/InterruptedException;
E/fastiva (  123): dddd_break thread: 1 at : 54 sleep:0
E/fastiva (  123): dddd: 4-0 Ljava/lang/InterruptedException;
E/fastiva (  123): dddd_break thread: 1 at : 54 sleep:0
I/ActivityManager(  495): Start proc android.process.media for broadcast com.android.providers.media/.MtpReceiver: pid=712 uid=10004 gids={50004, 1028, 1015, 1023, 1024, 2001, 3003, 3007}
E/fastiva (  712): dddd: 1-44 Lcom/android/internal/os/ZygoteInit$MethodAndArgsCaller;
E/fastiva (  712): dddd_break thread: 1 at : 54 sleep:0
E/fastiva (  712): dddd: 1-45 Lcom/android/internal/os/ZygoteInit$MethodAndArgsCaller;
E/fastiva (  712): dddd_break thread: 1 at : 54 sleep:0
I/PackageManager(  495): Running dexopt on: com.android.providers.media
D/BluetoothAdapter(  600): 1165509472: getState() :  mService = null. Returning STATE_OFF
D/fastiva (  600): fastiva_dvmScanStatic done
D/fastiva (  600): GC_CONCURRENT freed 165K, 8% free 3593K/3900K, paused 1ms+43ms, total 96ms
E/fastiva (  600): dddd: 1-49 Ljava/lang/NumberFormatException;
E/fastiva (  600): Invalid int: "null"
E/fastiva (  600): dddd_break thread: 1 at : 54 sleep:0
E/fastiva (  600): dddd: 1-50 Landroid/provider/Settings$SettingNotFoundException;
E/fastiva (  600): bugreport_in_power_menu
E/fastiva (  600): dddd_break thread: 1 at : 54 sleep:0
D/fastiva (  724): $$$ optimizing (/system/priv-app/MediaProvider.apk, isb=0)
D/fastiva (  724): DexOpt: load 2ms, verify+opt 56ms, 1815284 bytes
I/PackageManager(  495): Running dexopt on: com.android.providers.downloads
D/fastiva (  727): $$$ optimizing (/system/priv-app/DownloadProvider.apk, isb=0)
D/fastiva (  727): DexOpt: load 17ms, verify+opt 84ms, 1953492 bytes
W/InputMethodManagerService(  495): Ignoring setImeWindowStatus of uid 1000 token: null
D/fastiva (  712): Opening DEX file '/system/priv-app/MediaProvider.apk' (Jar)
E/fastiva (  712): dddd_break thread: 1 at : 54 sleep:0
E/fastiva (  712): dddd: 1-46 Llibcore/io/ErrnoException;
E/fastiva (  712): stat failed: ENOENT (No such file or directory)
E/fastiva (  712): dddd_break thread: 1 at : 54 sleep:0
W/ResourceType(  495): Failure getting entry for 0x7f060000 (t=5 e=0) in package 0 (error -75)
E/fastiva (  123): dddd: 2-0 Ljava/lang/InterruptedException;
E/fastiva (  123): dddd_break thread: 1 at : 54 sleep:0
E/fastiva (  123): dddd: 3-0 Ljava/lang/InterruptedException;
E/fastiva (  123): dddd_break thread: 1 at : 54 sleep:0
E/fastiva (  123): dddd: 4-0 Ljava/lang/InterruptedException;
E/fastiva (  123): dddd_break thread: 1 at : 54 sleep:0
I/ActivityManager(  495): Start proc com.android.inputmethod.latin for service com.android.inputmethod.latin/.LatinIME: pid=729 uid=10030 gids={50030, 1028, 1015}
E/fastiva (  123): dddd: 2-0 Ljava/lang/InterruptedException;
E/fastiva (  123): dddd_break thread: 1 at : 54 sleep:0
E/fastiva (  123): dddd: 3-0 Ljava/lang/InterruptedException;
E/fastiva (  123): dddd_break thread: 1 at : 54 sleep:0
E/fastiva (  123): dddd: 4-0 Ljava/lang/InterruptedException;
E/fastiva (  123): dddd_break thread: 1 at : 54 sleep:0
V/InputMethodManagerService(  495): Adding window token: android.os.Binder@458677b0
W/linker  (  495): gps.tegra3.so has text relocations. This is wasting memory and is a security risk. Please fix.
D/libgps  (  495): gps_proxy_get_gps_interface()
D/libgps  (  495): proxy_gps_get_extension()
D/libgps  (  495): proxy_gps_get_extension()
D/libgps  (  495): proxy_gps_get_extension()
D/libgps  (  495): proxy_gps_get_extension()
D/libgps  (  495): proxy_gps_get_extension()
D/libgps  (  495): proxy_gps_get_extension()
E/libgps  (  495): proxy_gps_get_extension: Unsupported GpsInterface extension: "gps_geofencing"
E/gpslogd (  495): Interface "gps_geofencing" is not supported
I/ActivityManager(  495): Start proc android.process.acore for content provider com.android.providers.contacts/.ContactsProvider2: pid=736 uid=10002 gids={50002, 3003, 1028, 1015}
I/PackageManager(  495): Running dexopt on: com.android.location.fused
D/PhoneStatusBar(  600): disable: < expand icons alerts ticker system_info back home recent clock search >
W/LocationManagerService(  495): no network location provider found
E/fastiva (  729): dddd: 1-44 Lcom/android/internal/os/ZygoteInit$MethodAndArgsCaller;
E/fastiva (  729): dddd_break thread: 1 at : 54 sleep:0
E/fastiva (  729): dddd: 1-45 Lcom/android/internal/os/ZygoteInit$MethodAndArgsCaller;
E/fastiva (  729): dddd_break thread: 1 at : 54 sleep:0
E/fastiva (  736): dddd: 1-44 Lcom/android/internal/os/ZygoteInit$MethodAndArgsCaller;
E/fastiva (  736): dddd_break thread: 1 at : 54 sleep:0
E/fastiva (  736): dddd: 1-45 Lcom/android/internal/os/ZygoteInit$MethodAndArgsCaller;
E/fastiva (  736): dddd_break thread: 1 at : 54 sleep:0
D/fastiva (  745): $$$ optimizing (/system/priv-app/FusedLocation.apk, isb=0)
E/fastiva (  745): DexOpt: failed loading 'Lcom/android/location/fused/FusedLocationProvider;'
D/fastiva (  745): VFY: unable to find class referenced in signature (Lcom/android/location/fused/FusedLocationProvider;)
D/fastiva (  745): VFY: unable to resolve static method 39: Lcom/android/location/fused/FusedLocationProvider;.access$000 (Lcom/android/location/fused/FusedLocationProvider;)Lcom/android/location/fused/FusionEngine;
D/fastiva (  745): VFY:  rejecting opcode 0x71 at 0x000e
D/fastiva (  745): VFY:  rejected Lcom/android/location/fused/FusedLocationProvider$1;.onReceive (Landroid/content/Context;Landroid/content/Intent;)V
D/fastiva (  745): +++ onReceive bailing at 14
D/fastiva (  745): +++ Lcom/android/location/fused/FusedLocationProvider$1;.onReceive failed code flow
D/fastiva (  745): Verifier rejected class Lcom/android/location/fused/FusedLocationProvider$1;
D/fastiva (  745): VFY: unable to find class referenced in signature (Lcom/android/location/fused/FusedLocationProvider;)
D/fastiva (  745): VFY: unable to resolve static method 39: Lcom/android/location/fused/FusedLocationProvider;.access$000 (Lcom/android/location/fused/FusedLocationProvider;)Lcom/android/location/fused/FusionEngine;
D/fastiva (  745): VFY:  rejecting opcode 0x71 at 0x0008
D/fastiva (  745): VFY:  rejected Lcom/android/location/fused/FusedLocationProvider$2;.handleMessage (Landroid/os/Message;)V
D/fastiva (  745): +++ handleMessage bailing at 8
D/fastiva (  745): +++ Lcom/android/location/fused/FusedLocationProvider$2;.handleMessage failed code flow
D/fastiva (  745): Verifier rejected class Lcom/android/location/fused/FusedLocationProvider$2;
D/fastiva (  745): VFY: unable to find class referenced in signature (Lcom/android/location/provider/ProviderRequestUnbundled;)
D/fastiva (  745): VFY: unable to resolve new-instance 25 (Lcom/android/location/fused/FusedLocationProvider;) in Lcom/android/location/fused/FusedLocationService;
D/fastiva (  745): VFY:  rejecting opcode 0x22 at 0x0004
D/fastiva (  745): VFY:  rejected Lcom/android/location/fused/FusedLocationService;.onBind (Landroid/content/Intent;)Landroid/os/IBinder;
D/fastiva (  745): +++ onBind bailing at 4
D/fastiva (  745): +++ Lcom/android/location/fused/FusedLocationService;.onBind failed code flow
D/fastiva (  745): Verifier rejected class Lcom/android/location/fused/FusedLocationService;
D/fastiva (  745): VFY: unable to resolve virtual method 76: Lcom/android/location/provider/ProviderRequestUnbundled;.getLocationRequests ()Ljava/util/List;
D/fastiva (  745): VFY:  rejecting opcode 0x6e at 0x0027
D/fastiva (  745): VFY:  rejected Lcom/android/location/fused/FusionEngine;.updateRequirements ()V
D/fastiva (  745): +++ updateRequirements bailing at 39
D/fastiva (  745): +++ Lcom/android/location/fused/FusionEngine;.updateRequirements failed code flow
D/fastiva (  745): Verifier rejected class Lcom/android/location/fused/FusionEngine;
D/fastiva (  745): DexOpt: load 0ms, verify+opt 4ms, 1789268 bytes
E/FlpHardwareProvider(  495): Error hw_get_module 'flp': -2
I/PackageManager(  495): Running dexopt on: com.android.inputmethod.latin
E/LocationManagerService(  495): no geocoder provider found
E/FlpHardwareProvider(  495): Error hw_get_module 'flp': -2
E/LocationManagerService(  495): No FusedProvider found.
E/fastiva (  712): dddd: 10-0 Llibcore/io/ErrnoException;
E/fastiva (  712): access failed: ENOENT (No such file or directory)
E/fastiva (  712): dddd_break thread: 1 at : 54 sleep:0
D/fastiva (  712): Opening DEX file '/system/priv-app/DownloadProvider.apk' (Jar)
E/fastiva (  712): dddd_break thread: 1 at : 54 sleep:0
E/fastiva (  712): dddd: 1-47 Llibcore/io/ErrnoException;
E/fastiva (  712): stat failed: ENOENT (No such file or directory)
E/fastiva (  712): dddd_break thread: 1 at : 54 sleep:0
D/fastiva (  495): thread(13)[510]: locked by (1)
D/fastiva (  761): $$$ optimizing (/system/app/LatinIME.apk, isb=0)
D/fastiva (  761): DexOpt: load 29ms, verify+opt 316ms, 2327244 bytes
I/PackageManager(  495): Running dexopt on: com.android.providers.contacts
D/fastiva (  729): Opening DEX file '/system/app/LatinIME.apk' (Jar)
E/fastiva (  729): dddd_break thread: 1 at : 54 sleep:0
E/fastiva (  729): dddd: 1-46 Llibcore/io/ErrnoException;
E/fastiva (  729): stat failed: ENOENT (No such file or directory)
E/fastiva (  729): dddd_break thread: 1 at : 54 sleep:0
I/DropBoxManagerService(  495): Cleaning temp file: /data/system/dropbox/drop92.tmp
D/fastiva (  764): $$$ optimizing (/system/priv-app/ContactsProvider.apk, isb=0)
D/fastiva (  495): thread(13)[510]: locked by (1)
D/fastiva (  764): DexOpt: load 21ms, verify+opt 243ms, 2070556 bytes
I/PackageManager(  495): Running dexopt on: com.android.providers.userdictionary
D/fastiva (  767): $$$ optimizing (/system/app/UserDictionaryProvider.apk, isb=0)
D/fastiva (  767): DexOpt: load 0ms, verify+opt 5ms, 1787308 bytes
E/LocationManagerService(  495): no geofence provider found
D/fastiva (  495): thread(13)[510]: locked by (1)
D/libgps  (  495): proxy_gps_init()
E/fastiva (  495): dddd: 56-0 Llibcore/io/GaiException;
E/fastiva (  495): getaddrinfo failed: EAI_NONAME (hostname nor servname provided, or not known)
E/fastiva (  495): dddd_break thread: 1 at : 54 sleep:0
I/CommonTimeManagementService(  495): No common time service detected on this platform.  Common time services will be unavailable.
E/fastiva (  729): dddd: 1-47 Llibcore/io/ErrnoException;
E/fastiva (  729): open failed: ENOENT (No such file or directory)
E/fastiva (  729): dddd_break thread: 1 at : 54 sleep:0
E/fastiva (  495): dddd: 25-2 Llibcore/io/ErrnoException;
E/fastiva (  495): open failed: ENOENT (No such file or directory)
E/fastiva (  495): dddd_break thread: 1 at : 54 sleep:0
E/fastiva (  495): dddd: 25-3 Ljava/io/FileNotFoundException;
E/fastiva (  495): /system/etc/excluded-input-devices.xml: open failed: ENOENT (No such file or directory)
E/fastiva (  495): dddd_break thread: 1 at : 54 sleep:0
I/InputReader(  495): Reconfiguring input devices.  changes=0x00000020
E/fastiva (  495): dddd: 56-1 Llibcore/io/GaiException;
E/fastiva (  495): getaddrinfo failed: EAI_NODATA (No address associated with hostname)
E/fastiva (  495): dddd_break thread: 1 at : 54 sleep:0
E/fastiva (  495): dddd: 56-2 Ljava/net/UnknownHostException;
E/fastiva (  495): Unable to resolve host "2.android.pool.ntp.org": No address associated with hostname
E/fastiva (  495): dddd_break thread: 1 at : 54 sleep:0
E/fastiva (  495): dddd: 25-4 Llibcore/io/ErrnoException;
E/fastiva (  495): open failed: ENOENT (No such file or directory)
E/fastiva (  495): dddd_break thread: 1 at : 54 sleep:0
E/fastiva (  495): dddd: 25-5 Ljava/io/FileNotFoundException;
E/fastiva (  495): /system/etc/excluded-input-devices.xml: open failed: ENOENT (No such file or directory)
E/fastiva (  495): dddd_break thread: 1 at : 54 sleep:0
I/InputReader(  495): Reconfiguring input devices.  changes=0x00000010
E/fastiva (  495): dddd: 25-6 Llibcore/io/ErrnoException;
E/fastiva (  495): access failed: ENOENT (No such file or directory)
E/fastiva (  495): dddd_break thread: 1 at : 54 sleep:0
E/fastiva (  495): dddd: 25-7 Llibcore/io/ErrnoException;
E/fastiva (  495): open failed: ENOENT (No such file or directory)
E/fastiva (  495): dddd_break thread: 1 at : 54 sleep:0
E/fastiva (  495): dddd: 25-8 Ljava/io/FileNotFoundException;
E/fastiva (  495): /data/system/input-manager-state.xml: open failed: ENOENT (No such file or directory)
E/fastiva (  495): dddd_break thread: 1 at : 54 sleep:0
E/fastiva (  123): dddd: 2-0 Ljava/lang/InterruptedException;
E/fastiva (  123): dddd_break thread: 1 at : 54 sleep:0
D/libgps  (  495): proxy_gps_create_thread_cb()
E/fastiva (  123): dddd: 3-0 Ljava/lang/InterruptedException;
E/fastiva (  123): dddd_break thread: 1 at : 54 sleep:0
D/libgps  (  495): proxy_gps_xtra_init()
D/libgps  (  495): proxy_agps_init()
D/libgps  (  495): proxy_gps_ni_init()
D/libgps  (  495): proxy_agps_ril_init()
E/fastiva (  123): dddd: 4-0 Ljava/lang/InterruptedException;
E/fastiva (  123): dddd_break thread: 1 at : 54 sleep:0
D/fastiva (  736): Opening DEX file '/system/priv-app/ContactsProvider.apk' (Jar)
E/fastiva (  736): dddd_break thread: 1 at : 54 sleep:0
E/fastiva (  736): dddd: 1-46 Llibcore/io/ErrnoException;
E/fastiva (  736): stat failed: ENOENT (No such file or directory)
E/fastiva (  736): dddd_break thread: 1 at : 54 sleep:0
I/LatinIME(  729): Hardware accelerated drawing: true
E/fastiva (  123): dddd: 2-0 Ljava/lang/InterruptedException;
E/fastiva (  123): dddd_break thread: 1 at : 54 sleep:0
E/fastiva (  123): dddd: 3-0 Ljava/lang/InterruptedException;
E/fastiva (  123): dddd_break thread: 1 at : 54 sleep:0
E/fastiva (  123): dddd: 4-0 Ljava/lang/InterruptedException;
E/fastiva (  123): dddd_break thread: 1 at : 54 sleep:0
D/libgps  (  495): proxy_gps_set_capabilities_cb()
D/GpsLocationProvider(  495): set_capabilities_callback: 6u
I/ActivityManager(  495): Start proc com.android.phone for added application com.android.phone: pid=773 uid=1001 gids={41001, 3002, 3001, 3003, 1028, 1015}
I/ActivityManager(  495): Start proc com.android.nfc for added application com.android.nfc: pid=782 uid=1027 gids={41027, 3002, 3001, 1028, 1015}
I/ActivityManager(  495): START u0 {act=android.intent.action.MAIN cat=[android.intent.category.HOME] flg=0x10000000 cmp=com.android.launcher/com.android.launcher2.Launcher} from pid 0
E/fastiva (  123): dddd: 2-0 Ljava/lang/InterruptedException;
E/fastiva (  123): dddd_break thread: 1 at : 54 sleep:0
E/fastiva (  123): dddd: 3-0 Ljava/lang/InterruptedException;
E/fastiva (  729): dddd: 1-48 Ljava/lang/NumberFormatException;
E/fastiva (  729): Invalid int: "string/subtype_generic_qwerty"
E/fastiva (  123): dddd_break thread: 1 at : 54 sleep:0
E/fastiva (  729): dddd_break thread: 1 at : 54 sleep:0
E/fastiva (  123): dddd: 4-0 Ljava/lang/InterruptedException;
E/fastiva (  123): dddd_break thread: 1 at : 54 sleep:0
E/fastiva (  729): dddd: 10-0 Llibcore/io/ErrnoException;
E/fastiva (  729): access failed: ENOENT (No such file or directory)
E/fastiva (  729): dddd_break thread: 1 at : 54 sleep:0
E/fastiva (  729): dddd: 1-49 Ljava/lang/NumberFormatException;
E/fastiva (  729): dddd: 10-1 Llibcore/io/ErrnoException;
E/fastiva (  729): access failed: ENOENT (No such file or directory)
E/fastiva (  729): Invalid int: "string/subtype_no_language_qwerty"
E/fastiva (  729): dddd_break thread: 1 at : 54 sleep:0
E/fastiva (  729): dddd_break thread: 1 at : 54 sleep:0
E/fastiva (  729): dddd: 10-2 Llibcore/io/ErrnoException;
E/fastiva (  773): dddd: 1-44 Lcom/android/internal/os/ZygoteInit$MethodAndArgsCaller;
E/fastiva (  773): dddd_break thread: 1 at : 54 sleep:0
E/fastiva (  773): dddd: 1-45 Lcom/android/internal/os/ZygoteInit$MethodAndArgsCaller;
E/fastiva (  773): dddd_break thread: 1 at : 54 sleep:0
E/fastiva (  729): dddd: 1-50 Ljava/lang/NumberFormatException;
E/fastiva (  729): stat failed: ENOENT (No such file or directory)
E/fastiva (  729): dddd_break thread: 1 at : 54 sleep:0
E/fastiva (  729): Invalid int: "string/subtype_generic_qwertz"
E/fastiva (  729): dddd_break thread: 1 at : 54 sleep:0
E/fastiva (  729): dddd: 1-51 Ljava/lang/NumberFormatException;
E/fastiva (  729): Invalid int: "string/subtype_no_language_qwertz"
E/fastiva (  729): dddd_break thread: 1 at : 54 sleep:0
E/fastiva (  729): dddd: 1-52 Ljava/lang/NumberFormatException;
E/fastiva (  729): Invalid int: "string/subtype_generic_azerty"
E/fastiva (  729): dddd_break thread: 1 at : 54 sleep:0
I/ActivityManager(  495): Start proc com.android.launcher for activity com.android.launcher/com.android.launcher2.Launcher: pid=795 uid=10007 gids={50007}
E/fastiva (  729): dddd: 1-53 Ljava/lang/NumberFormatException;
E/fastiva (  729): Invalid int: "string/subtype_no_language_azerty"
E/fastiva (  729): dddd_break thread: 1 at : 54 sleep:0
E/fastiva (  729): dddd: 1-54 Ljava/lang/NumberFormatException;
E/fastiva (  729): Invalid int: "string/subtype_generic_dvorak"
E/fastiva (  729): dddd_break thread: 1 at : 54 sleep:0
E/fastiva (  729): dddd: 1-55 Ljava/lang/NumberFormatException;
E/fastiva (  729): Invalid int: "string/subtype_no_language_dvorak"
E/fastiva (  729): dddd_break thread: 1 at : 54 sleep:0
E/fastiva (  729): dddd: 1-56 Ljava/lang/NumberFormatException;
E/fastiva (  729): Invalid int: "string/subtype_generic_colemak"
E/fastiva (  729): dddd_break thread: 1 at : 54 sleep:0
E/fastiva (  729): dddd: 1-57 Ljava/lang/NumberFormatException;
E/fastiva (  729): Invalid int: "string/subtype_no_language_colemak"
E/fastiva (  729): dddd_break thread: 1 at : 54 sleep:0
E/fastiva (  729): dddd: 1-58 Ljava/lang/NumberFormatException;
E/fastiva (  729): Invalid int: "string/subtype_generic_pcqwerty"
E/fastiva (  729): dddd_break thread: 1 at : 54 sleep:0
E/fastiva (  729): dddd: 1-59 Ljava/lang/NumberFormatException;
E/fastiva (  729): Invalid int: "string/subtype_no_language_pcqwerty"
E/fastiva (  729): dddd_break thread: 1 at : 54 sleep:0
E/fastiva (  729): dddd: 1-60 Ljava/lang/NumberFormatException;
E/fastiva (  729): Invalid int: "string/subtype_en_US"
E/fastiva (  729): dddd_break thread: 1 at : 54 sleep:0
E/fastiva (  729): dddd: 1-61 Ljava/lang/NumberFormatException;
E/fastiva (  729): Invalid int: "string/subtype_with_layout_en_US"
E/fastiva (  729): dddd_break thread: 1 at : 54 sleep:0
E/fastiva (  729): dddd: 1-62 Ljava/lang/NumberFormatException;
E/fastiva (  729): Invalid int: "string/subtype_en_GB"
E/fastiva (  729): dddd_break thread: 1 at : 54 sleep:0
E/fastiva (  729): dddd: 1-63 Ljava/lang/NumberFormatException;
E/fastiva (  729): Invalid int: "string/subtype_with_layout_en_GB"
E/fastiva (  729): dddd_break thread: 1 at : 54 sleep:0
E/fastiva (  729): dddd: 1-64 Ljava/lang/NumberFormatException;
E/fastiva (  729): Invalid int: "string/subtype_es_US"
E/fastiva (  729): dddd_break thread: 1 at : 54 sleep:0
E/fastiva (  729): dddd: 1-65 Ljava/lang/NumberFormatException;
E/fastiva (  729): Invalid int: "string/subtype_with_layout_es_US"
E/fastiva (  729): dddd_break thread: 1 at : 54 sleep:0
E/fastiva (  782): dddd: 1-44 Lcom/android/internal/os/ZygoteInit$MethodAndArgsCaller;
E/fastiva (  782): dddd_break thread: 1 at : 54 sleep:0
E/fastiva (  782): dddd: 1-45 Lcom/android/internal/os/ZygoteInit$MethodAndArgsCaller;
E/fastiva (  782): dddd_break thread: 1 at : 54 sleep:0
E/fastiva (  795): dddd: 1-44 Lcom/android/internal/os/ZygoteInit$MethodAndArgsCaller;
E/fastiva (  795): dddd_break thread: 1 at : 54 sleep:0
E/fastiva (  795): dddd: 1-45 Lcom/android/internal/os/ZygoteInit$MethodAndArgsCaller;
E/fastiva (  795): dddd_break thread: 1 at : 54 sleep:0
E/fastiva (  736): dddd: 10-0 Llibcore/io/ErrnoException;
E/fastiva (  736): access failed: ENOENT (No such file or directory)
E/fastiva (  736): dddd_break thread: 1 at : 54 sleep:0
D/fastiva (  600): fastiva_dvmScanStatic done
D/fastiva (  600): GC_CONCURRENT freed 93K, 6% free 4003K/4240K, paused 1ms+38ms, total 93ms
D/fastiva (  600): WAIT_FOR_CONCURRENT_GC blocked 81ms
D/fastiva (  495): fastiva_dvmScanStatic done
D/fastiva (  495): GC_CONCURRENT freed 411K, 12% free 4385K/4960K, paused 2ms+52ms, total 215ms
D/fastiva (  495): WAIT_FOR_CONCURRENT_GC blocked 101ms
D/fastiva (  495): WAIT_FOR_CONCURRENT_GC blocked 85ms
D/fastiva (  495): WAIT_FOR_CONCURRENT_GC blocked 83ms
D/fastiva (  495): WAIT_FOR_CONCURRENT_GC blocked 70ms
D/fastiva (  495): WAIT_FOR_CONCURRENT_GC blocked 130ms
D/fastiva (  495): WAIT_FOR_CONCURRENT_GC blocked 72ms
D/fastiva (  495): WAIT_FOR_CONCURRENT_GC blocked 106ms
E/fastiva (  495): dddd: 55-0 Llibcore/io/ErrnoException;
E/fastiva (  495): access failed: ENOENT (No such file or directory)
E/fastiva (  495): dddd_break thread: 1 at : 54 sleep:0
I/SystemServer(  495): Enabled StrictMode for system server main thread.
E/fastiva (  123): dddd: 2-0 Ljava/lang/InterruptedException;
E/fastiva (  123): dddd_break thread: 1 at : 54 sleep:0
E/fastiva (  123): dddd: 3-0 Ljava/lang/InterruptedException;
E/fastiva (  123): dddd_break thread: 1 at : 54 sleep:0
E/fastiva (  123): dddd: 4-0 Ljava/lang/InterruptedException;
E/fastiva (  123): dddd_break thread: 1 at : 54 sleep:0
D/fastiva (  736): fastiva_dvmScanStatic done
D/fastiva (  736): Opening DEX file '/system/app/UserDictionaryProvider.apk' (Jar)
E/fastiva (  736): dddd_break thread: 1 at : 54 sleep:0
E/fastiva (  495): dddd: 11-5 Ljava/lang/NumberFormatException;
E/fastiva (  495): Invalid int: "null"
E/fastiva (  495): dddd_break thread: 1 at : 54 sleep:0
E/fastiva (  495): dddd: 11-6 Landroid/provider/Settings$SettingNotFoundException;
E/fastiva (  495): show_touches
E/fastiva (  495): dddd_break thread: 1 at : 54 sleep:0
E/fastiva (  736): dddd: 1-47 Llibcore/io/ErrnoException;
E/fastiva (  736): stat failed: ENOENT (No such file or directory)
E/fastiva (  736): dddd_break thread: 1 at : 54 sleep:0
I/ActivityManager(  495): Start proc com.android.printspooler for service com.android.printspooler/.PrintSpoolerService: pid=819 uid=10043 gids={50043}
I/PackageManager(  495): Running dexopt on: com.android.providers.telephony
D/fastiva (  736): GC_CONCURRENT freed 222K, 13% free 2398K/2744K, paused 2ms+54ms, total 116ms
D/fastiva (  736): WAIT_FOR_CONCURRENT_GC blocked 103ms
D/fastiva (  736): WAIT_FOR_CONCURRENT_GC blocked 99ms
W/ResourceType(  495): Failure getting entry for 0x7f060000 (t=5 e=0) in package 0 (error -75)
E/fastiva (  819): dddd: 1-44 Lcom/android/internal/os/ZygoteInit$MethodAndArgsCaller;
E/fastiva (  819): dddd_break thread: 1 at : 54 sleep:0
E/fastiva (  819): dddd: 1-45 Lcom/android/internal/os/ZygoteInit$MethodAndArgsCaller;
E/fastiva (  819): dddd_break thread: 1 at : 54 sleep:0
D/fastiva (  123): fastiva_dvmScanStatic done
D/fastiva (  123): GC_EXPLICIT freed 48K, 9% free 2097K/2284K, paused 0ms+96ms, total 97ms
D/fastiva (  123): fastiva_dvmScanStatic done
D/fastiva (  123): GC_EXPLICIT freed <1K, 9% free 2097K/2284K, paused 1ms+84ms, total 85ms
D/fastiva (  123): fastiva_dvmScanStatic done
I/ContactLocale(  736): AddressBook Labels [en_US]: [, A, B, C, D, E, F, G, H, I, J, K, L, M, N, O, P, Q, R, S, T, U, V, W, X, Y, Z, , , , , , , , , , , , , , , , , , , , , , , , , , , , , , , , , , , , , , , , , , , , , , , , , , , , , , , , , , , , , , , , , , , , , , , , , , , , , , , , , , , , , , , , , , , , , , , , , , , , , , , , , , , , , , , , , , , , , , , , , , , , , , , , , , , , , , , , , , , , , , , , , , , , , , , , , , , , , , , , , , , , , , , , , , , , , , , , , , , , , , #, ]
D/fastiva (  123): GC_EXPLICIT freed <1K, 9% free 2097K/2284K, paused 0ms+82ms, total 83ms
D/fastiva (  826): $$$ optimizing (/system/app/TelephonyProvider.apk, isb=0)
D/fastiva (  826): DexOpt: load 0ms, verify+opt 33ms, 1794940 bytes
I/PackageManager(  495): Running dexopt on: com.android.phone
D/fastiva (  834): $$$ optimizing (/system/priv-app/TeleService.apk, isb=0)
D/fastiva (  834): DexOpt: load 35ms, verify+opt 212ms, 2225100 bytes
I/PackageManager(  495): Running dexopt on: com.android.nfc
D/fastiva (  773): Opening DEX file '/system/priv-app/TeleService.apk' (Jar)
E/fastiva (  773): dddd_break thread: 1 at : 54 sleep:0
E/fastiva (  773): dddd: 1-46 Llibcore/io/ErrnoException;
E/fastiva (  773): stat failed: ENOENT (No such file or directory)
E/fastiva (  773): dddd_break thread: 1 at : 54 sleep:0
D/fastiva (  773): Opening DEX file '/system/app/TelephonyProvider.apk' (Jar)
E/fastiva (  773): dddd_break thread: 1 at : 54 sleep:0
E/fastiva (  773): dddd: 1-47 Llibcore/io/ErrnoException;
E/fastiva (  773): stat failed: ENOENT (No such file or directory)
E/fastiva (  773): dddd_break thread: 1 at : 54 sleep:0
D/fastiva (  835): $$$ optimizing (/system/app/Nfc.apk, isb=0)
D/fastiva (  835): DexOpt: load 6ms, verify+opt 86ms, 1896300 bytes
I/PackageManager(  495): Running dexopt on: com.android.launcher
D/fastiva (  782): Opening DEX file '/system/app/Nfc.apk' (Jar)
E/fastiva (  782): dddd_break thread: 1 at : 54 sleep:0
E/fastiva (  782): dddd: 1-46 Llibcore/io/ErrnoException;
E/fastiva (  782): stat failed: ENOENT (No such file or directory)
E/fastiva (  782): dddd_break thread: 1 at : 54 sleep:0
D/fastiva (  838): $$$ optimizing (/system/priv-app/Launcher2.apk, isb=0)
D/fastiva (  838): HUH? workLine diverged in Lcom/android/launcher2/Workspace;.onDrop (Lcom/android/launcher2/DropTarget$DragObject;)V
I/fastiva (  838): >work [LLLX XLIy LXXX XXXX XXXX XXXX XXXX LXXX XXXX XLLX LXLL LSLL XXXL XXXX XXXX XZLI LL] .. mst=0
I/fastiva (  838):          0: 0x440b8be8 Lcom/android/launcher2/DragView;
I/fastiva (  838):          1: 0x440c3528 Lcom/android/launcher2/Workspace;
I/fastiva (  838):          2: 0x440c2ba8 Lcom/android/launcher2/Workspace$6;
I/fastiva (  838):          5: 0x440bd8e8 Lcom/android/launcher2/Launcher;
I/fastiva (  838):          8: 0x440b73c8 Lcom/android/launcher2/CellLayout;
I/fastiva (  838):         28: 0x43964b20 Landroid/view/View;
I/fastiva (  838):         37: 0x440b4de8 Lcom/android/launcher2/ItemInfo;
I/fastiva (  838):         38: 0x440b73c8 Lcom/android/launcher2/CellLayout;
I/fastiva (  838):         40: 0x440c2c68 Lcom/android/launcher2/Workspace$7;
I/fastiva (  838):         42: 0x440b8828 Lcom/android/launcher2/DragLayer;
I/fastiva (  838):         43: 0x440b8be8 Lcom/android/launcher2/DragView;
I/fastiva (  838):         44: 0x43964b20 Landroid/view/View;
I/fastiva (  838):         46: 0x440c2c68 Lcom/android/launcher2/Workspace$7;
I/fastiva (  838):         47: 0x440c3528 Lcom/android/launcher2/Workspace;
I/fastiva (  838):         51: 0x440c2ba8 Lcom/android/launcher2/Workspace$6;
I/fastiva (  838):         62: 0x440c2ba8 Lcom/android/launcher2/Workspace$6;
I/fastiva (  838):         64: 0x440c3528 Lcom/android/launcher2/Workspace;
I/fastiva (  838):         65: 0x440b8e48 Lcom/android/launcher2/DropTarget$DragObject;
I/fastiva (  838):         64: 'this' Lcom/android/launcher2/Workspace;
I/fastiva (  838):         65: 'd' Lcom/android/launcher2/DropTarget$DragObject;
I/fastiva (  838): >insn [LLLX XLIy LXXX XXXX XXXX XXXX XXXX LXXX XXXX XLLX LXLL LSLL XXXL XXXX XXXX XZLI LL] .. mst=0
I/fastiva (  838):          0: 0x440b8be8 Lcom/android/launcher2/DragView;
I/fastiva (  838):          1: 0x440c3528 Lcom/android/launcher2/Workspace;
I/fastiva (  838):          2: 0x440c2ba8 Lcom/android/launcher2/Workspace$6;
I/fastiva (  838):          5: 0x440bd8e8 Lcom/android/launcher2/Launcher;
I/fastiva (  838):          8: 0x440b73c8 Lcom/android/launcher2/CellLayout;
I/fastiva (  838):         28: 0x43964b20 Landroid/view/View;
I/fastiva (  838):         37: 0x440b4de8 Lcom/android/launcher2/ItemInfo;
I/fastiva (  838):         38: 0x440b73c8 Lcom/android/launcher2/CellLayout;
I/fastiva (  838):         40: 0x440c2c68 Lcom/android/launcher2/Workspace$7;
I/fastiva (  838):         42: 0x440b8828 Lcom/android/launcher2/DragLayer;
I/fastiva (  838):         43: 0x440b8be8 Lcom/android/launcher2/DragView;
I/fastiva (  838):         44: 0x43964b20 Landroid/view/View;
I/fastiva (  838):         46: 0x440c2c68 Lcom/android/launcher2/Workspace$7;
I/fastiva (  838):         47: 0x440c3528 Lcom/android/launcher2/Workspace;
I/fastiva (  838):         51: 0x440c2ba8 Lcom/android/launcher2/Workspace$6;
I/fastiva (  838):         62: 0x440c2ba8 Lcom/android/launcher2/Workspace$6;
I/fastiva (  838):         64: 0x440c3528 Lcom/android/launcher2/Workspace;
I/fastiva (  838):         65: 0x440b8e48 Lcom/android/launcher2/DropTarget$DragObject;
I/fastiva (  838):         64: 'this' Lcom/android/launcher2/Workspace;
I/fastiva (  838):         65: 'd' Lcom/android/launcher2/DropTarget$DragObject;
D/fastiva (  838): DexOpt: load 44ms, verify+opt 239ms, 2221492 bytes
I/Choreographer(  495): Skipped 672 frames!  The application may be doing too much work on its main thread.
V/KeyguardServiceDelegate(  495): *** Keyguard connected (yay!)
I/PackageManager(  495): Running dexopt on: com.android.printspooler
W/InputMethodManagerService(  495): Focus gain on non-focused client android.view.inputmethod.InputMethodManager$1@457b2cf8 (uid=1000 pid=495)
D/BluetoothAdapter(  600): 1165509472: getState() :  mService = null. Returning STATE_OFF
D/BluetoothAdapter(  600): 1165509472: getState() :  mService = null. Returning STATE_OFF
D/fastiva (  795): Opening DEX file '/system/priv-app/Launcher2.apk' (Jar)
E/fastiva (  795): dddd_break thread: 1 at : 54 sleep:0
E/fastiva (  795): dddd: 1-46 Llibcore/io/ErrnoException;
E/fastiva (  795): stat failed: ENOENT (No such file or directory)
E/fastiva (  795): dddd_break thread: 1 at : 54 sleep:0
D/PhoneStatusBar(  600): heads up is disabled
D/PhoneStatusBar(  600): mSettingsPanelGravity = 8388661
I/Choreographer(  600): Skipped 465 frames!  The application may be doing too much work on its main thread.
D/fastiva (  839): $$$ optimizing (/system/app/PrintSpooler.apk, isb=0)
D/fastiva (  839): DexOpt: load 4ms, verify+opt 47ms, 1849828 bytes
E/fastiva (  495): dddd: 41-0 Llibcore/io/ErrnoException;
E/fastiva (  495): access failed: ENOENT (No such file or directory)
E/fastiva (  495): dddd_break thread: 1 at : 54 sleep:0
W/InputAttributes(  729): No editor info for this field. Bug?
I/NfcService(  782): Starting NFC service
E/fastiva (  782): dddd: 1-47 Llibcore/io/ErrnoException;
E/fastiva (  782): open failed: ENOENT (No such file or directory)
E/fastiva (  782): dddd_break thread: 1 at : 54 sleep:0
D/fastiva (  495): Opening DEX file '/system/framework/com.android.location.provider.jar' (Jar)
E/fastiva (  495): dddd_break thread: 1 at : 54 sleep:0
D/fastiva (  495): Opening DEX file '/system/priv-app/FusedLocation.apk' (Jar)
E/fastiva (  495): dddd_break thread: 1 at : 54 sleep:0
E/fastiva (  495): dddd: 1-205 Llibcore/io/ErrnoException;
E/fastiva (  495): stat failed: ENOENT (No such file or directory)
E/fastiva (  495): dddd_break thread: 1 at : 54 sleep:0
D/fastiva (  495): +++ late optimize on Lcom/android/location/fused/FusedLocationService; (pv=0)
E/fastiva (  600): dddd: 1-51 Llibcore/io/ErrnoException;
E/fastiva (  600): open failed: ENOENT (No such file or directory)
E/fastiva (  600): dddd_break thread: 1 at : 54 sleep:0
E/fastiva (  600): dddd: 1-52 Ljava/io/FileNotFoundException;
E/fastiva (  600): /etc/timezone: open failed: ENOENT (No such file or directory)
E/fastiva (  600): dddd_break thread: 1 at : 54 sleep:0
E/fastiva (  600): dddd: 1-53 Ljava/io/FileNotFoundException;
E/fastiva (  600): /etc/timezone: open failed: ENOENT (No such file or directory)
E/fastiva (  600): dddd_break thread: 1 at : 54 sleep:0
D/fastiva (  495): +++ late optimize on Lcom/android/location/fused/FusedLocationProvider; (pv=0)
I/ResourceUtils(  729): Found default value: resource=keypress_vibration_durations build=[HARDWARE=grouper MODEL=AOSP on Grouper BRAND=Android MANUFACTURER=unknown] default=-1
I/ResourceUtils(  729): Find override value: resource=keypress_volumes build=[HARDWARE=grouper MODEL=AOSP on Grouper BRAND=Android MANUFACTURER=unknown] override=0.3f
D/fastiva (  819): Opening DEX file '/system/app/PrintSpooler.apk' (Jar)
E/fastiva (  819): dddd_break thread: 1 at : 54 sleep:0
E/fastiva (  819): dddd: 1-46 Llibcore/io/ErrnoException;
E/fastiva (  819): stat failed: ENOENT (No such file or directory)
E/fastiva (  773): dddd: 11-0 Llibcore/io/ErrnoException;
E/fastiva (  773): access failed: ENOENT (No such file or directory)
E/fastiva (  773): dddd_break thread: 1 at : 54 sleep:0
E/fastiva (  773): dddd: 11-1 Llibcore/io/ErrnoException;
